// Jest Snapshot v1, https://goo.gl/fbAQLP

exports[`map-elements get all published map elements 1`] = `
Array [
  Object {
    "geometry": Object {
      "coordinates": Array [
        Array [
          7.108079136390546,
          51.239293806399274,
        ],
        Array [
          7.108079136390546,
          51.23838958288827,
        ],
        Array [
          7.1095008959075985,
          51.23838958288827,
        ],
        Array [
          7.1095008959075985,
          51.239293806399274,
        ],
        Array [
          7.108079136390546,
          51.239293806399274,
        ],
      ],
      "type": "LineString",
    },
    "id": 35,
    "properties": Object {
      "created_at": "2021-04-01T20:14:41.310Z",
      "facility": Object {
        "body": "Some Content
",
        "created_at": "2021-03-30T21:08:06.990Z",
        "id": 13,
        "published_at": "2021-03-30T21:08:06.988Z",
        "raw_published": true,
        "slug": "elefanten",
        "title": "Elefanten",
        "type": "enclosure",
        "updated_at": "2021-03-31T22:37:19.151Z",
      },
      "name": "Elefanten Box",
      "published_at": "2021-04-01T20:14:41.098Z",
      "type": "box",
      "updated_at": "2021-04-01T20:14:41.317Z",
    },
    "type": "Feature",
  },
  Object {
    "geometry": Object {
      "coordinates": Array [
        Array [
          7.111527782426161,
          51.23835617020035,
        ],
        Array [
          7.111527782426161,
          51.23800151942168,
        ],
        Array [
          7.111998414987676,
          51.23800151942168,
        ],
        Array [
          7.111998414987676,
          51.23835617020035,
        ],
        Array [
          7.111527782426161,
          51.23835617020035,
        ],
      ],
      "type": "LineString",
    },
    "id": 36,
    "properties": Object {
      "created_at": "2021-04-01T20:14:41.333Z",
      "facility": Object {
        "body": "Some Content
",
        "created_at": "2021-03-30T21:08:07.140Z",
        "id": 21,
        "published_at": "2021-03-30T21:08:07.137Z",
        "raw_published": true,
        "slug": "kiang",
        "title": "Kiang",
        "type": "enclosure",
        "updated_at": "2021-03-30T22:54:40.190Z",
      },
      "name": "Kiang Box",
      "published_at": "2021-04-01T20:14:41.116Z",
      "type": "box",
      "updated_at": "2021-04-01T20:14:41.338Z",
    },
    "type": "Feature",
  },
  Object {
    "geometry": Object {
      "coordinates": Array [
        Array [
          7.114062265382094,
          51.23833450942312,
        ],
        Array [
          7.114062265382094,
          51.23812198840096,
        ],
        Array [
          7.11438302288406,
          51.23812198840096,
        ],
        Array [
          7.11438302288406,
          51.23833450942312,
        ],
        Array [
          7.114062265382094,
          51.23833450942312,
        ],
      ],
      "type": "LineString",
    },
    "id": 37,
    "properties": Object {
      "created_at": "2021-04-01T20:14:41.406Z",
      "facility": Object {
        "body": "Some Content
",
        "created_at": "2021-03-30T21:08:07.163Z",
        "id": 22,
        "published_at": "2021-03-30T21:08:07.162Z",
        "raw_published": true,
        "slug": "kiosk-tigertal",
        "title": "Kiosk Tigertal",
        "type": "food",
        "updated_at": "2021-03-30T21:08:07.163Z",
      },
      "name": "Kiosk Tigertal Box",
      "published_at": "2021-04-01T20:14:41.331Z",
      "type": "box",
      "updated_at": "2021-04-01T20:14:41.412Z",
    },
    "type": "Feature",
  },
  Object {
    "geometry": Object {
      "coordinates": Array [
        Array [
          7.109109601908572,
          51.23996187234752,
        ],
        Array [
          7.109109601908572,
          51.239333960221565,
        ],
        Array [
          7.110279732730108,
          51.239333960221565,
        ],
        Array [
          7.110279732730108,
          51.23996187234752,
        ],
        Array [
          7.109109601908572,
          51.23996187234752,
        ],
      ],
      "type": "LineString",
    },
    "id": 38,
    "properties": Object {
      "created_at": "2021-04-01T20:14:41.434Z",
      "facility": Object {
        "body": "Some Content

Some other content",
        "created_at": "2021-03-30T21:08:06.757Z",
        "id": 2,
        "published_at": "2021-03-30T21:08:06.745Z",
        "raw_published": true,
        "slug": "affenhaus",
        "title": "Affenhaus",
        "type": "enclosure",
        "updated_at": "2021-03-30T22:50:51.591Z",
      },
      "name": "Affenhaus Box",
      "published_at": "2021-04-01T20:14:41.364Z",
      "type": "box",
      "updated_at": "2021-04-01T20:14:41.439Z",
    },
    "type": "Feature",
  },
  Object {
    "geometry": Object {
      "coordinates": Array [
        Array [
          7.107051038352181,
          51.239582691051666,
        ],
        Array [
          7.107051038352181,
          51.239006476815405,
        ],
        Array [
          7.107820737183094,
          51.239006476815405,
        ],
        Array [
          7.107820737183094,
          51.239582691051666,
        ],
        Array [
          7.107051038352181,
          51.239582691051666,
        ],
      ],
      "type": "LineString",
    },
    "id": 39,
    "properties": Object {
      "created_at": "2021-04-01T20:14:41.458Z",
      "facility": Object {
        "body": "Some Content
",
        "created_at": "2021-03-30T21:08:07.502Z",
        "id": 37,
        "published_at": "2021-03-30T21:08:07.500Z",
        "raw_published": true,
        "slug": "spielplatz",
        "title": "Spielplatz",
        "type": "playground",
        "updated_at": "2021-03-30T21:08:07.502Z",
      },
      "name": "Spielplatz Box",
      "published_at": "2021-04-01T20:14:41.373Z",
      "type": "box",
      "updated_at": "2021-04-01T20:14:41.462Z",
    },
    "type": "Feature",
  },
  Object {
    "geometry": Object {
      "coordinates": Array [
        Array [
          7.108538463436856,
          51.23978298187313,
        ],
        Array [
          7.108538463436856,
          51.2394314487439,
        ],
        Array [
          7.109065611577034,
          51.2394314487439,
        ],
        Array [
          7.109065611577034,
          51.23978298187313,
        ],
        Array [
          7.108538463436856,
          51.23978298187313,
        ],
      ],
      "type": "LineString",
    },
    "id": 40,
    "properties": Object {
      "created_at": "2021-04-01T20:14:41.484Z",
      "facility": Object {
        "body": "Some Content
",
        "created_at": "2021-03-30T21:08:07.206Z",
        "id": 24,
        "published_at": "2021-03-30T21:08:07.205Z",
        "raw_published": true,
        "slug": "kleines-affenhaus",
        "title": "Kleines Affenhaus",
        "type": "enclosure",
        "updated_at": "2021-03-30T22:50:31.754Z",
      },
      "name": "Kleines Affenhaus Box",
      "published_at": "2021-04-01T20:14:41.384Z",
      "type": "box",
      "updated_at": "2021-04-01T20:14:41.489Z",
    },
    "type": "Feature",
  },
  Object {
    "geometry": Object {
      "coordinates": Array [
        Array [
          7.109654514144449,
          51.239305473169345,
        ],
        Array [
          7.109654514144449,
          51.23900436833281,
        ],
        Array [
          7.1100160546828715,
          51.23900436833281,
        ],
        Array [
          7.1100160546828715,
          51.239305473169345,
        ],
        Array [
          7.109654514144449,
          51.239305473169345,
        ],
      ],
      "type": "LineString",
    },
    "id": 41,
    "properties": Object {
      "created_at": "2021-04-01T20:14:41.509Z",
      "facility": Object {
        "body": "Some Content
",
        "created_at": "2021-03-30T21:08:07.326Z",
        "id": 29,
        "published_at": "2021-03-30T21:08:07.323Z",
        "raw_published": true,
        "slug": "okavango",
        "title": "Okavango",
        "type": "food",
        "updated_at": "2021-03-30T21:08:07.326Z",
      },
      "name": "Okavango Box",
      "published_at": "2021-04-01T20:14:41.390Z",
      "type": "box",
      "updated_at": "2021-04-01T20:14:41.514Z",
    },
    "type": "Feature",
  },
  Object {
    "geometry": Object {
      "coordinates": Array [
        Array [
          7.114276698252734,
          51.238925836120714,
        ],
        Array [
          7.114276698252734,
          51.2381594052025,
        ],
        Array [
          7.114927643184101,
          51.2381594052025,
        ],
        Array [
          7.114927643184101,
          51.238925836120714,
        ],
        Array [
          7.114276698252734,
          51.238925836120714,
        ],
      ],
      "type": "LineString",
    },
    "id": 42,
    "properties": Object {
      "created_at": "2021-04-01T20:14:41.532Z",
      "facility": Object {
        "body": "Some Content
",
        "created_at": "2021-03-30T21:08:07.610Z",
        "id": 43,
        "published_at": "2021-03-30T21:08:07.608Z",
        "raw_published": true,
        "slug": "tiger",
        "title": "Tiger",
        "type": "enclosure",
        "updated_at": "2021-03-30T22:44:05.988Z",
      },
      "name": "Tiger Box",
      "published_at": "2021-04-01T20:14:41.393Z",
      "type": "box",
      "updated_at": "2021-04-01T20:14:41.537Z",
    },
    "type": "Feature",
  },
  Object {
    "geometry": Object {
      "coordinates": Array [
        Array [
          7.112140887674164,
          51.24086727530663,
        ],
        Array [
          7.112140887674164,
          51.24064952815244,
        ],
        Array [
          7.1125382563380635,
          51.24064952815244,
        ],
        Array [
          7.1125382563380635,
          51.24086727530663,
        ],
        Array [
          7.112140887674164,
          51.24086727530663,
        ],
      ],
      "type": "LineString",
    },
    "id": 43,
    "properties": Object {
      "created_at": "2021-04-01T20:14:41.552Z",
      "facility": Object {
        "body": "Some Content
",
        "created_at": "2021-03-30T21:08:07.485Z",
        "id": 36,
        "published_at": "2021-03-30T21:08:07.483Z",
        "raw_published": true,
        "slug": "seeloewen",
        "title": "Seelöwen",
        "type": "enclosure",
        "updated_at": "2021-03-30T22:46:15.570Z",
      },
      "name": "Seelöwen Box",
      "published_at": "2021-04-01T20:14:41.396Z",
      "type": "box",
      "updated_at": "2021-04-01T20:14:41.560Z",
    },
    "type": "Feature",
  },
  Object {
    "geometry": Object {
      "coordinates": Array [
        Array [
          7.112409428652595,
          51.241268593165564,
        ],
        Array [
          7.112409428652595,
          51.24097793057655,
        ],
        Array [
          7.112803785978345,
          51.24097793057655,
        ],
        Array [
          7.112803785978345,
          51.241268593165564,
        ],
        Array [
          7.112409428652595,
          51.241268593165564,
        ],
      ],
      "type": "LineString",
    },
    "id": 44,
    "properties": Object {
      "created_at": "2021-04-01T20:14:41.575Z",
      "facility": Object {
        "body": "Some Content
",
        "created_at": "2021-03-30T21:08:06.914Z",
        "id": 9,
        "published_at": "2021-03-30T21:08:06.912Z",
        "raw_published": true,
        "slug": "brillenpinguine",
        "title": "Brillenpinguine",
        "type": "enclosure",
        "updated_at": "2021-03-30T22:52:35.058Z",
      },
      "name": "Brillenpinguine Box",
      "published_at": "2021-04-01T20:14:41.401Z",
      "type": "box",
      "updated_at": "2021-04-01T20:14:41.580Z",
    },
    "type": "Feature",
  },
  Object {
    "geometry": Object {
      "coordinates": Array [
        Array [
          7.111742015340749,
          51.2411956752266,
        ],
        Array [
          7.111742015340749,
          51.24096724793197,
        ],
        Array [
          7.112062852825137,
          51.24096724793197,
        ],
        Array [
          7.112062852825137,
          51.2411956752266,
        ],
        Array [
          7.111742015340749,
          51.2411956752266,
        ],
      ],
      "type": "LineString",
    },
    "id": 45,
    "properties": Object {
      "created_at": "2021-04-01T20:14:41.593Z",
      "facility": Object {
        "body": "Some Content
",
        "created_at": "2021-03-30T21:08:07.534Z",
        "id": 39,
        "published_at": "2021-03-30T21:08:07.533Z",
        "raw_published": true,
        "slug": "suedamerikahaus",
        "title": "Südamerikahaus",
        "type": "enclosure",
        "updated_at": "2021-03-30T22:45:45.747Z",
      },
      "name": "Südamerikahaus Box",
      "published_at": "2021-04-01T20:14:41.404Z",
      "type": "box",
      "updated_at": "2021-04-01T20:14:41.598Z",
    },
    "type": "Feature",
  },
  Object {
    "geometry": Object {
      "coordinates": Array [
        Array [
          7.108027439752747,
          51.24082587943283,
        ],
        Array [
          7.108027439752747,
          51.24039018228943,
        ],
        Array [
          7.108950760819631,
          51.24039018228943,
        ],
        Array [
          7.108950760819631,
          51.24082587943283,
        ],
        Array [
          7.108027439752747,
          51.24082587943283,
        ],
      ],
      "type": "LineString",
    },
    "id": 46,
    "properties": Object {
      "created_at": "2021-04-01T20:14:41.608Z",
      "facility": Object {
        "body": "Some Content
",
        "created_at": "2021-03-30T21:08:07.044Z",
        "id": 16,
        "published_at": "2021-03-30T21:08:07.042Z",
        "raw_published": true,
        "slug": "gibbons",
        "title": "Gibbons",
        "type": "enclosure",
        "updated_at": "2021-03-30T22:53:51.141Z",
      },
      "name": "Gibbons Box",
      "published_at": "2021-04-01T20:14:41.423Z",
      "type": "box",
      "updated_at": "2021-04-01T20:14:41.614Z",
    },
    "type": "Feature",
  },
  Object {
    "geometry": Object {
      "coordinates": Array [
        Array [
          7.107526093941576,
          51.239820220881,
        ],
        Array [
          7.107526093941576,
          51.23937471253239,
        ],
        Array [
          7.108446111734475,
          51.23937471253239,
        ],
        Array [
          7.108446111734475,
          51.239820220881,
        ],
        Array [
          7.107526093941576,
          51.239820220881,
        ],
      ],
      "type": "LineString",
    },
    "id": 47,
    "properties": Object {
      "created_at": "2021-04-01T20:14:41.624Z",
      "facility": Object {
        "body": "Some Content
",
        "created_at": "2021-03-30T21:08:07.097Z",
        "id": 19,
        "published_at": "2021-03-30T21:08:07.095Z",
        "raw_published": true,
        "slug": "kangurus",
        "title": "Kangurus",
        "type": "enclosure",
        "updated_at": "2021-03-30T22:54:27.226Z",
      },
      "name": "Kangurus Box",
      "published_at": "2021-04-01T20:14:41.426Z",
      "type": "box",
      "updated_at": "2021-04-01T20:14:41.629Z",
    },
    "type": "Feature",
  },
  Object {
    "geometry": Object {
      "coordinates": Array [
        Array [
          7.111299112684587,
          51.24149267578407,
        ],
        Array [
          7.111299112684587,
          51.24116263565496,
        ],
        Array [
          7.11229448991453,
          51.24116263565496,
        ],
        Array [
          7.11229448991453,
          51.24149267578407,
        ],
        Array [
          7.111299112684587,
          51.24149267578407,
        ],
      ],
      "type": "LineString",
    },
    "id": 48,
    "properties": Object {
      "created_at": "2021-04-01T20:14:41.643Z",
      "facility": Object {
        "body": "Some Content
",
        "created_at": "2021-03-30T21:08:07.297Z",
        "id": 28,
        "published_at": "2021-03-30T21:08:07.295Z",
        "raw_published": true,
        "slug": "okapis",
        "title": "Okapis",
        "type": "enclosure",
        "updated_at": "2021-03-30T22:49:18.347Z",
      },
      "name": "Okapis Box",
      "published_at": "2021-04-01T20:14:41.428Z",
      "type": "box",
      "updated_at": "2021-04-01T20:14:41.650Z",
    },
    "type": "Feature",
  },
  Object {
    "geometry": Object {
      "coordinates": Array [
        Array [
          7.111280316815657,
          51.24163717194919,
        ],
        Array [
          7.111280316815657,
          51.24150304541165,
        ],
        Array [
          7.111839745860942,
          51.24150304541165,
        ],
        Array [
          7.111839745860942,
          51.24163717194919,
        ],
        Array [
          7.111280316815657,
          51.24163717194919,
        ],
      ],
      "type": "LineString",
    },
    "id": 49,
    "properties": Object {
      "created_at": "2021-04-01T20:14:41.664Z",
      "facility": Object {
        "body": "Some Content
",
        "created_at": "2021-03-30T21:08:07.186Z",
        "id": 23,
        "published_at": "2021-03-30T21:08:07.183Z",
        "raw_published": true,
        "slug": "kirk-dikdiks",
        "title": "Kirk DikDiks",
        "type": "enclosure",
        "updated_at": "2021-03-30T22:54:51.304Z",
      },
      "name": "Kirk DikDiks Box",
      "published_at": "2021-04-01T20:14:41.430Z",
      "type": "box",
      "updated_at": "2021-04-01T20:14:41.670Z",
    },
    "type": "Feature",
  },
  Object {
    "geometry": Object {
      "coordinates": Array [
        Array [
          7.113319108717582,
          51.24070380530231,
        ],
        Array [
          7.113319108717582,
          51.239933177452,
        ],
        Array [
          7.113989277423831,
          51.239933177452,
        ],
        Array [
          7.113989277423831,
          51.24070380530231,
        ],
        Array [
          7.113319108717582,
          51.24070380530231,
        ],
      ],
      "type": "LineString",
    },
    "id": 50,
    "properties": Object {
      "created_at": "2021-04-01T20:14:41.682Z",
      "facility": Object {
        "body": "Some Content
",
        "created_at": "2021-03-30T21:08:07.077Z",
        "id": 18,
        "published_at": "2021-03-30T21:08:07.076Z",
        "raw_published": true,
        "slug": "juniorzoo",
        "title": "JuniorZoo",
        "type": "enclosure",
        "updated_at": "2021-03-30T21:08:07.077Z",
      },
      "name": "JuniorZoo Box",
      "published_at": "2021-04-01T20:14:41.431Z",
      "type": "box",
      "updated_at": "2021-04-01T20:14:41.688Z",
    },
    "type": "Feature",
  },
  Object {
    "geometry": Object {
      "coordinates": Array [
        Array [
          7.112959627726498,
          51.240797732943115,
        ],
        Array [
          7.112959627726498,
          51.24013426709288,
        ],
        Array [
          7.113475886260061,
          51.24013426709288,
        ],
        Array [
          7.113475886260061,
          51.240797732943115,
        ],
        Array [
          7.112959627726498,
          51.240797732943115,
        ],
      ],
      "type": "LineString",
    },
    "id": 51,
    "properties": Object {
      "created_at": "2021-04-01T20:14:41.703Z",
      "facility": Object {
        "body": "Some Content
",
        "created_at": "2021-03-30T21:08:07.517Z",
        "id": 38,
        "published_at": "2021-03-30T21:08:07.516Z",
        "raw_published": true,
        "slug": "steinboecke",
        "title": "Steinböcke",
        "type": "enclosure",
        "updated_at": "2021-03-30T22:46:02.270Z",
      },
      "name": "Steinböcke Box",
      "published_at": "2021-04-01T20:14:41.433Z",
      "type": "box",
      "updated_at": "2021-04-01T20:14:41.709Z",
    },
    "type": "Feature",
  },
  Object {
    "geometry": Object {
      "coordinates": Array [
        Array [
          7.112428104547893,
          51.24060475920732,
        ],
        Array [
          7.112428104547893,
          51.24023957352811,
        ],
        Array [
          7.11286053750515,
          51.24023957352811,
        ],
        Array [
          7.11286053750515,
          51.24060475920732,
        ],
        Array [
          7.112428104547893,
          51.24060475920732,
        ],
      ],
      "type": "LineString",
    },
    "id": 52,
    "properties": Object {
      "created_at": "2021-04-01T20:14:41.719Z",
      "facility": Object {
        "body": "Some Content
",
        "created_at": "2021-03-30T21:08:07.373Z",
        "id": 31,
        "published_at": "2021-03-30T21:08:07.370Z",
        "raw_published": true,
        "slug": "pinguine",
        "title": "Pinguine",
        "type": "enclosure",
        "updated_at": "2021-03-30T22:48:33.100Z",
      },
      "name": "Pinguine Box",
      "published_at": "2021-04-01T20:14:41.450Z",
      "type": "box",
      "updated_at": "2021-04-01T20:14:41.724Z",
    },
    "type": "Feature",
  },
  Object {
    "geometry": Object {
      "coordinates": Array [
        Array [
          7.112536360754686,
          51.24090429395053,
        ],
        Array [
          7.112536360754686,
          51.24053823933608,
        ],
        Array [
          7.112965822365004,
          51.24053823933608,
        ],
        Array [
          7.112965822365004,
          51.24090429395053,
        ],
        Array [
          7.112536360754686,
          51.24090429395053,
        ],
      ],
      "type": "LineString",
    },
    "id": 53,
    "properties": Object {
      "created_at": "2021-04-01T20:14:41.735Z",
      "facility": Object {
        "body": "Some Content
",
        "created_at": "2021-03-30T21:08:06.969Z",
        "id": 12,
        "published_at": "2021-03-30T21:08:06.968Z",
        "raw_published": true,
        "slug": "eisbaeren",
        "title": "Eisbären",
        "type": "enclosure",
        "updated_at": "2021-03-30T22:53:19.635Z",
      },
      "name": "Eisbären Box",
      "published_at": "2021-04-01T20:14:41.452Z",
      "type": "box",
      "updated_at": "2021-04-01T20:14:41.738Z",
    },
    "type": "Feature",
  },
  Object {
    "geometry": Object {
      "coordinates": Array [
        Array [
          7.109699104344144,
          51.24051345840528,
        ],
        Array [
          7.109699104344144,
          51.240380999622374,
        ],
        Array [
          7.109919263956126,
          51.240380999622374,
        ],
        Array [
          7.109919263956126,
          51.24051345840528,
        ],
        Array [
          7.109699104344144,
          51.24051345840528,
        ],
      ],
      "type": "LineString",
    },
    "id": 54,
    "properties": Object {
      "created_at": "2021-04-01T20:14:41.748Z",
      "facility": Object {
        "body": "Some Content
",
        "created_at": "2021-03-30T21:08:07.274Z",
        "id": 27,
        "published_at": "2021-03-30T21:08:07.271Z",
        "raw_published": true,
        "slug": "musikmuschel",
        "title": "Musikmuschel",
        "type": "poi",
        "updated_at": "2021-03-30T21:08:07.274Z",
      },
      "name": "Musikmuschel Box",
      "published_at": "2021-04-01T20:14:41.454Z",
      "type": "box",
      "updated_at": "2021-04-01T20:14:41.752Z",
    },
    "type": "Feature",
  },
  Object {
    "geometry": Object {
      "coordinates": Array [
        Array [
          7.108809631837817,
          51.241120871673154,
        ],
        Array [
          7.108809631837817,
          51.24089274737899,
        ],
        Array [
          7.109262172375707,
          51.24089274737899,
        ],
        Array [
          7.109262172375707,
          51.241120871673154,
        ],
        Array [
          7.108809631837817,
          51.241120871673154,
        ],
      ],
      "type": "LineString",
    },
    "id": 55,
    "properties": Object {
      "created_at": "2021-04-01T20:14:41.762Z",
      "facility": Object {
        "body": "Some Content
",
        "created_at": "2021-03-30T21:08:06.950Z",
        "id": 11,
        "published_at": "2021-03-30T21:08:06.948Z",
        "raw_published": true,
        "slug": "eingang",
        "title": "Eingang",
        "type": "poi",
        "updated_at": "2021-03-30T21:08:06.950Z",
      },
      "name": "Eingang Box",
      "published_at": "2021-04-01T20:14:41.456Z",
      "type": "box",
      "updated_at": "2021-04-01T20:14:41.767Z",
    },
    "type": "Feature",
  },
  Object {
    "geometry": Object {
      "coordinates": Array [
        Array [
          7.110110853847336,
          51.2401383964133,
        ],
        Array [
          7.110110853847336,
          51.23955324741945,
        ],
        Array [
          7.111464856256457,
          51.23955324741945,
        ],
        Array [
          7.111464856256457,
          51.2401383964133,
        ],
        Array [
          7.110110853847336,
          51.2401383964133,
        ],
      ],
      "type": "LineString",
    },
    "id": 56,
    "properties": Object {
      "created_at": "2021-04-01T20:14:41.778Z",
      "facility": Object {
        "body": "Some Content
",
        "created_at": "2021-03-30T21:08:07.668Z",
        "id": 46,
        "published_at": "2021-03-30T21:08:07.667Z",
        "raw_published": true,
        "slug": "yaks",
        "title": "Yaks",
        "type": "enclosure",
        "updated_at": "2021-03-30T22:43:49.882Z",
      },
      "name": "Yaks Box",
      "published_at": "2021-04-01T20:14:41.472Z",
      "type": "box",
      "updated_at": "2021-04-01T20:14:41.781Z",
    },
    "type": "Feature",
  },
  Object {
    "geometry": Object {
      "coordinates": Array [
        Array [
          7.111790284731809,
          51.23951752090978,
        ],
        Array [
          7.111790284731809,
          51.23844173903487,
        ],
        Array [
          7.113862481291855,
          51.23844173903487,
        ],
        Array [
          7.113862481291855,
          51.23951752090978,
        ],
        Array [
          7.111790284731809,
          51.23951752090978,
        ],
      ],
      "type": "LineString",
    },
    "id": 57,
    "properties": Object {
      "created_at": "2021-04-01T20:14:41.789Z",
      "facility": Object {
        "body": "Some Content
",
        "created_at": "2021-03-30T21:08:07.590Z",
        "id": 42,
        "published_at": "2021-03-30T21:08:07.588Z",
        "raw_published": true,
        "slug": "tierwelt-patagoniens",
        "title": "Tierwelt Patagoniens",
        "type": "enclosure",
        "updated_at": "2021-03-30T22:44:54.839Z",
      },
      "name": "Tierwelt Patagoniens Box",
      "published_at": "2021-04-01T20:14:41.475Z",
      "type": "box",
      "updated_at": "2021-04-01T20:14:41.792Z",
    },
    "type": "Feature",
  },
  Object {
    "geometry": Object {
      "coordinates": Array [
        Array [
          7.111295673440485,
          51.23991597153289,
        ],
        Array [
          7.111295673440485,
          51.23939615294564,
        ],
        Array [
          7.112683412434774,
          51.23939615294564,
        ],
        Array [
          7.112683412434774,
          51.23991597153289,
        ],
        Array [
          7.111295673440485,
          51.23991597153289,
        ],
      ],
      "type": "LineString",
    },
    "id": 58,
    "properties": Object {
      "created_at": "2021-04-01T20:14:41.802Z",
      "facility": Object {
        "body": "Some Content
",
        "created_at": "2021-03-30T21:08:07.008Z",
        "id": 14,
        "published_at": "2021-03-30T21:08:07.006Z",
        "raw_published": true,
        "slug": "emus",
        "title": "Emus",
        "type": "enclosure",
        "updated_at": "2021-03-30T22:53:36.205Z",
      },
      "name": "Emus Box",
      "published_at": "2021-04-01T20:14:41.478Z",
      "type": "box",
      "updated_at": "2021-04-01T20:14:41.805Z",
    },
    "type": "Feature",
  },
  Object {
    "geometry": Object {
      "coordinates": Array [
        Array [
          7.111921135972528,
          51.239437441141575,
        ],
        Array [
          7.111921135972528,
          51.238939506199664,
        ],
        Array [
          7.112676597932507,
          51.238939506199664,
        ],
        Array [
          7.112676597932507,
          51.239437441141575,
        ],
        Array [
          7.111921135972528,
          51.239437441141575,
        ],
      ],
      "type": "LineString",
    },
    "id": 59,
    "properties": Object {
      "created_at": "2021-04-01T20:14:41.814Z",
      "facility": Object {
        "body": "Some Content
",
        "created_at": "2021-03-30T21:08:07.350Z",
        "id": 30,
        "published_at": "2021-03-30T21:08:07.348Z",
        "raw_published": true,
        "slug": "pelikane",
        "title": "Pelikane",
        "type": "enclosure",
        "updated_at": "2021-03-30T22:48:44.656Z",
      },
      "name": "Pelikane Box",
      "published_at": "2021-04-01T20:14:41.481Z",
      "type": "box",
      "updated_at": "2021-04-01T20:14:41.819Z",
    },
    "type": "Feature",
  },
  Object {
    "geometry": Object {
      "coordinates": Array [
        Array [
          7.10995988702774,
          51.23967149272588,
        ],
        Array [
          7.10995988702774,
          51.239036766845615,
        ],
        Array [
          7.111414335360246,
          51.239036766845615,
        ],
        Array [
          7.111414335360246,
          51.23967149272588,
        ],
        Array [
          7.10995988702774,
          51.23967149272588,
        ],
      ],
      "type": "LineString",
    },
    "id": 60,
    "properties": Object {
      "created_at": "2021-04-01T20:14:41.830Z",
      "facility": Object {
        "body": "Some Content
",
        "created_at": "2021-03-30T21:08:06.840Z",
        "id": 6,
        "published_at": "2021-03-30T21:08:06.838Z",
        "raw_published": true,
        "slug": "baeren",
        "title": "Bären",
        "type": "enclosure",
        "updated_at": "2021-03-30T22:43:00.480Z",
      },
      "name": "Bären Box",
      "published_at": "2021-04-01T20:14:41.499Z",
      "type": "box",
      "updated_at": "2021-04-01T20:14:41.834Z",
    },
    "type": "Feature",
  },
  Object {
    "geometry": Object {
      "coordinates": Array [
        Array [
          7.11009733681819,
          51.2390799656974,
        ],
        Array [
          7.11009733681819,
          51.23867917871531,
        ],
        Array [
          7.110791056348296,
          51.23867917871531,
        ],
        Array [
          7.110791056348296,
          51.2390799656974,
        ],
        Array [
          7.11009733681819,
          51.2390799656974,
        ],
      ],
      "type": "LineString",
    },
    "id": 61,
    "properties": Object {
      "created_at": "2021-04-01T20:14:41.844Z",
      "facility": Object {
        "body": "Some Content
",
        "created_at": "2021-03-30T21:08:07.466Z",
        "id": 35,
        "published_at": "2021-03-30T21:08:07.465Z",
        "raw_published": true,
        "slug": "rothunde",
        "title": "Rothunde",
        "type": "enclosure",
        "updated_at": "2021-03-30T22:46:25.473Z",
      },
      "name": "Rothunde Box",
      "published_at": "2021-04-01T20:14:41.503Z",
      "type": "box",
      "updated_at": "2021-04-01T20:14:41.848Z",
    },
    "type": "Feature",
  },
  Object {
    "geometry": Object {
      "coordinates": Array [
        Array [
          7.112605545548831,
          51.24000374150304,
        ],
        Array [
          7.112605545548831,
          51.23909757478242,
        ],
        Array [
          7.113453947081987,
          51.23909757478242,
        ],
        Array [
          7.113453947081987,
          51.24000374150304,
        ],
        Array [
          7.112605545548831,
          51.24000374150304,
        ],
      ],
      "type": "LineString",
    },
    "id": 62,
    "properties": Object {
      "created_at": "2021-04-01T20:14:41.858Z",
      "facility": Object {
        "body": "Some Content
",
        "created_at": "2021-03-30T21:08:07.689Z",
        "id": 47,
        "published_at": "2021-03-30T21:08:07.687Z",
        "raw_published": true,
        "slug": "zebras",
        "title": "Zebras",
        "type": "enclosure",
        "updated_at": "2021-03-30T22:43:40.768Z",
      },
      "name": "Zebras Box",
      "published_at": "2021-04-01T20:14:41.505Z",
      "type": "box",
      "updated_at": "2021-04-01T20:14:41.863Z",
    },
    "type": "Feature",
  },
  Object {
    "geometry": Object {
      "coordinates": Array [
        Array [
          7.112700364708901,
          51.240464485015664,
        ],
        Array [
          7.112700364708901,
          51.24013878205026,
        ],
        Array [
          7.112979019464465,
          51.24013878205026,
        ],
        Array [
          7.112979019464465,
          51.240464485015664,
        ],
        Array [
          7.112700364708901,
          51.240464485015664,
        ],
      ],
      "type": "LineString",
    },
    "id": 63,
    "properties": Object {
      "created_at": "2021-04-01T20:14:41.871Z",
      "facility": Object {
        "body": "Some Content
",
        "created_at": "2021-03-30T21:08:07.394Z",
        "id": 32,
        "published_at": "2021-03-30T21:08:07.392Z",
        "raw_published": true,
        "slug": "pinselohrschweine",
        "title": "Pinselohrschweine",
        "type": "enclosure",
        "updated_at": "2021-03-30T22:48:03.704Z",
      },
      "name": "Pinselohrschweine Box",
      "published_at": "2021-04-01T20:14:41.527Z",
      "type": "box",
      "updated_at": "2021-04-01T20:14:41.876Z",
    },
    "type": "Feature",
  },
  Object {
    "geometry": Object {
      "coordinates": Array [
        Array [
          7.112927514784476,
          51.24045742335187,
        ],
        Array [
          7.112927514784476,
          51.23997982199505,
        ],
        Array [
          7.113425085425377,
          51.23997982199505,
        ],
        Array [
          7.113425085425377,
          51.24045742335187,
        ],
        Array [
          7.112927514784476,
          51.24045742335187,
        ],
      ],
      "type": "LineString",
    },
    "id": 64,
    "properties": Object {
      "created_at": "2021-04-01T20:14:41.886Z",
      "facility": Object {
        "body": "Some Content
",
        "created_at": "2021-03-30T21:08:06.895Z",
        "id": 8,
        "published_at": "2021-03-30T21:08:06.893Z",
        "raw_published": true,
        "slug": "bongos",
        "title": "Bongos",
        "type": "enclosure",
        "updated_at": "2021-03-30T22:52:22.921Z",
      },
      "name": "Bongos Box",
      "published_at": "2021-04-01T20:14:41.573Z",
      "type": "box",
      "updated_at": "2021-04-01T20:14:41.890Z",
    },
    "type": "Feature",
  },
  Object {
    "geometry": Object {
      "coordinates": Array [
        7.112548341605529,
        51.241027797619765,
      ],
      "type": "Point",
    },
    "id": 66,
    "properties": Object {
      "created_at": "2021-04-01T20:16:48.856Z",
      "facility": Object {
        "body": "Some Content
",
        "created_at": "2021-03-30T21:08:06.914Z",
        "id": 9,
        "published_at": "2021-03-30T21:08:06.912Z",
        "raw_published": true,
        "slug": "brillenpinguine",
        "title": "Brillenpinguine",
        "type": "enclosure",
        "updated_at": "2021-03-30T22:52:35.058Z",
      },
      "name": "Brillenpinguine Point",
      "published_at": "2021-04-01T20:16:48.821Z",
      "type": "point",
      "updated_at": "2021-04-01T20:16:48.860Z",
    },
    "type": "Feature",
  },
  Object {
    "geometry": Object {
      "coordinates": Array [
        7.111728521790511,
        51.23814203118328,
      ],
      "type": "Point",
    },
    "id": 68,
    "properties": Object {
      "created_at": "2021-04-01T20:16:48.893Z",
      "facility": Object {
        "body": "Some Content
",
        "created_at": "2021-03-30T21:08:07.140Z",
        "id": 21,
        "published_at": "2021-03-30T21:08:07.137Z",
        "raw_published": true,
        "slug": "kiang",
        "title": "Kiang",
        "type": "enclosure",
        "updated_at": "2021-03-30T22:54:40.190Z",
      },
      "name": "Kiang Point",
      "published_at": "2021-04-01T20:16:48.852Z",
      "type": "point",
      "updated_at": "2021-04-01T20:16:48.897Z",
    },
    "type": "Feature",
  },
  Object {
    "geometry": Object {
      "coordinates": Array [
        7.114663876640384,
        51.23840972333189,
      ],
      "type": "Point",
    },
    "id": 69,
    "properties": Object {
      "created_at": "2021-04-01T20:16:48.915Z",
      "facility": Object {
        "body": "Some Content
",
        "created_at": "2021-03-30T21:08:07.610Z",
        "id": 43,
        "published_at": "2021-03-30T21:08:07.608Z",
        "raw_published": true,
        "slug": "tiger",
        "title": "Tiger",
        "type": "enclosure",
        "updated_at": "2021-03-30T22:44:05.988Z",
      },
      "name": "Tiger Point",
      "published_at": "2021-04-01T20:16:48.872Z",
      "type": "point",
      "updated_at": "2021-04-01T20:16:48.919Z",
    },
    "type": "Feature",
  },
  Object {
    "geometry": Object {
      "coordinates": Array [
        7.112148509483061,
        51.241209600404446,
      ],
      "type": "Point",
    },
    "id": 70,
    "properties": Object {
      "created_at": "2021-04-01T20:16:48.930Z",
      "facility": Object {
        "body": "Some Content
",
        "created_at": "2021-03-30T21:08:07.297Z",
        "id": 28,
        "published_at": "2021-03-30T21:08:07.295Z",
        "raw_published": true,
        "slug": "okapis",
        "title": "Okapis",
        "type": "enclosure",
        "updated_at": "2021-03-30T22:49:18.347Z",
      },
      "name": "Okapis Point",
      "published_at": "2021-04-01T20:16:48.875Z",
      "type": "point",
      "updated_at": "2021-04-01T20:16:48.935Z",
    },
    "type": "Feature",
  },
  Object {
    "geometry": Object {
      "coordinates": Array [
        7.111888566614887,
        51.24107187291918,
      ],
      "type": "Point",
    },
    "id": 71,
    "properties": Object {
      "created_at": "2021-04-01T20:16:48.943Z",
      "facility": Object {
        "body": "Some Content
",
        "created_at": "2021-03-30T21:08:07.534Z",
        "id": 39,
        "published_at": "2021-03-30T21:08:07.533Z",
        "raw_published": true,
        "slug": "suedamerikahaus",
        "title": "Südamerikahaus",
        "type": "enclosure",
        "updated_at": "2021-03-30T22:45:45.747Z",
      },
      "name": "Südamerikahaus Point",
      "published_at": "2021-04-01T20:16:48.877Z",
      "type": "point",
      "updated_at": "2021-04-01T20:16:48.948Z",
    },
    "type": "Feature",
  },
  Object {
    "geometry": Object {
      "coordinates": Array [
        7.1107688127212025,
        51.239744680788554,
      ],
      "type": "Point",
    },
    "id": 73,
    "properties": Object {
      "created_at": "2021-04-01T20:16:48.972Z",
      "facility": Object {
        "body": "Some Content
",
        "created_at": "2021-03-30T21:08:07.668Z",
        "id": 46,
        "published_at": "2021-03-30T21:08:07.667Z",
        "raw_published": true,
        "slug": "yaks",
        "title": "Yaks",
        "type": "enclosure",
        "updated_at": "2021-03-30T22:43:49.882Z",
      },
      "name": "Yaks Point",
      "published_at": "2021-04-01T20:16:48.892Z",
      "type": "point",
      "updated_at": "2021-04-01T20:16:48.976Z",
    },
    "type": "Feature",
  },
  Object {
    "geometry": Object {
      "coordinates": Array [
        7.109789028064229,
        51.23906856153862,
      ],
      "type": "Point",
    },
    "id": 74,
    "properties": Object {
      "created_at": "2021-04-01T20:16:48.984Z",
      "facility": Object {
        "body": "Some Content
",
        "created_at": "2021-03-30T21:08:07.326Z",
        "id": 29,
        "published_at": "2021-03-30T21:08:07.323Z",
        "raw_published": true,
        "slug": "okavango",
        "title": "Okavango",
        "type": "food",
        "updated_at": "2021-03-30T21:08:07.326Z",
      },
      "name": "Okavango Point",
      "published_at": "2021-04-01T20:16:48.907Z",
      "type": "point",
      "updated_at": "2021-04-01T20:16:48.989Z",
    },
    "type": "Feature",
  },
  Object {
    "geometry": Object {
      "coordinates": Array [
        7.109769032458983,
        51.239581911942345,
      ],
      "type": "Point",
    },
    "id": 75,
    "properties": Object {
      "created_at": "2021-04-01T20:16:48.998Z",
      "facility": Object {
        "body": "Some Content

Some other content",
        "created_at": "2021-03-30T21:08:06.757Z",
        "id": 2,
        "published_at": "2021-03-30T21:08:06.745Z",
        "raw_published": true,
        "slug": "affenhaus",
        "title": "Affenhaus",
        "type": "enclosure",
        "updated_at": "2021-03-30T22:50:51.591Z",
      },
      "name": "Affenhaus Point",
      "published_at": "2021-04-01T20:16:48.910Z",
      "type": "point",
      "updated_at": "2021-04-01T20:16:49.003Z",
    },
    "type": "Feature",
  },
  Object {
    "geometry": Object {
      "coordinates": Array [
        7.1097830293826565,
        51.24043331821483,
      ],
      "type": "Point",
    },
    "id": 76,
    "properties": Object {
      "created_at": "2021-04-01T20:16:49.011Z",
      "facility": Object {
        "body": "Some Content
",
        "created_at": "2021-03-30T21:08:07.274Z",
        "id": 27,
        "published_at": "2021-03-30T21:08:07.271Z",
        "raw_published": true,
        "slug": "musikmuschel",
        "title": "Musikmuschel",
        "type": "poi",
        "updated_at": "2021-03-30T21:08:07.274Z",
      },
      "name": "Musikmuschel Point",
      "published_at": "2021-04-01T20:16:48.912Z",
      "type": "point",
      "updated_at": "2021-04-01T20:16:49.015Z",
    },
    "type": "Feature",
  },
  Object {
    "geometry": Object {
      "coordinates": Array [
        7.108161373799975,
        51.24063740530661,
      ],
      "type": "Point",
    },
    "id": 77,
    "properties": Object {
      "created_at": "2021-04-01T20:16:49.024Z",
      "facility": Object {
        "body": "Some Content
",
        "created_at": "2021-03-30T21:08:07.044Z",
        "id": 16,
        "published_at": "2021-03-30T21:08:07.042Z",
        "raw_published": true,
        "slug": "gibbons",
        "title": "Gibbons",
        "type": "enclosure",
        "updated_at": "2021-03-30T22:53:51.141Z",
      },
      "name": "Gibbons Point",
      "published_at": "2021-04-01T20:16:48.914Z",
      "type": "point",
      "updated_at": "2021-04-01T20:16:49.028Z",
    },
    "type": "Feature",
  },
  Object {
    "geometry": Object {
      "coordinates": Array [
        7.109056661028307,
        51.24099376891437,
      ],
      "type": "Point",
    },
    "id": 78,
    "properties": Object {
      "created_at": "2021-04-01T20:16:49.036Z",
      "facility": Object {
        "body": "Some Content
",
        "created_at": "2021-03-30T21:08:06.950Z",
        "id": 11,
        "published_at": "2021-03-30T21:08:06.948Z",
        "raw_published": true,
        "slug": "eingang",
        "title": "Eingang",
        "type": "poi",
        "updated_at": "2021-03-30T21:08:06.950Z",
      },
      "name": "Eingang Point",
      "published_at": "2021-04-01T20:16:48.928Z",
      "type": "point",
      "updated_at": "2021-04-01T20:16:49.040Z",
    },
    "type": "Feature",
  },
  Object {
    "geometry": Object {
      "coordinates": Array [
        Array [
          Array [
            7.110154484257978,
            51.24166260896365,
          ],
          Array [
            7.110154484257978,
            51.24166260896365,
          ],
          Array [
            7.10855216442557,
            51.241059229859026,
          ],
          Array [
            7.1079009915443025,
            51.241018294746276,
          ],
          Array [
            7.107857965000938,
            51.24067848848638,
          ],
          Array [
            7.107803696928305,
            51.24027141361856,
          ],
          Array [
            7.107623116617343,
            51.24003798055587,
          ],
          Array [
            7.106862963688374,
            51.23977247702221,
          ],
          Array [
            7.106460800078336,
            51.23966423073121,
          ],
          Array [
            7.106441772260386,
            51.239609908506885,
          ],
          Array [
            7.106524702033576,
            51.23944014060029,
          ],
          Array [
            7.106542146199591,
            51.23943051720527,
          ],
          Array [
            7.106617301681463,
            51.23941571525681,
          ],
          Array [
            7.106640864502682,
            51.23932168745056,
          ],
          Array [
            7.106556563030972,
            51.2393184295695,
          ],
          Array [
            7.106671121852538,
            51.239175245571694,
          ],
          Array [
            7.106753947648581,
            51.23903172101138,
          ],
          Array [
            7.10676065017546,
            51.23896586223207,
          ],
          Array [
            7.106647786981218,
            51.23880372693229,
          ],
          Array [
            7.10647595274799,
            51.2386008117762,
          ],
          Array [
            7.1063783661961555,
            51.23850480570243,
          ],
          Array [
            7.106425651803438,
            51.23847430782892,
          ],
          Array [
            7.106586876368523,
            51.23854723578444,
          ],
          Array [
            7.106850738375327,
            51.23861280909223,
          ],
          Array [
            7.1071974021834485,
            51.23866870892229,
          ],
          Array [
            7.107354027759327,
            51.238678169548464,
          ],
          Array [
            7.10735609530491,
            51.238624217936284,
          ],
          Array [
            7.1075504845808535,
            51.23856477976192,
          ],
          Array [
            7.107662515957917,
            51.23852424030267,
          ],
          Array [
            7.1077456736810065,
            51.23849756624498,
          ],
          Array [
            7.107998250168212,
            51.23842199642589,
          ],
          Array [
            7.108327165877117,
            51.23835293235238,
          ],
          Array [
            7.108521923072198,
            51.238322950330904,
          ],
          Array [
            7.1088455439448355,
            51.23828126147318,
          ],
          Array [
            7.1090959849014,
            51.23822614042945,
          ],
          Array [
            7.109130965213215,
            51.23821081261241,
          ],
          Array [
            7.109166621376486,
            51.23819228450944,
          ],
          Array [
            7.1092027054457105,
            51.238156615594896,
          ],
          Array [
            7.109295996941539,
            51.23790620448948,
          ],
          Array [
            7.109351284790039,
            51.237849137732,
          ],
          Array [
            7.109563610123887,
            51.23777860122646,
          ],
          Array [
            7.109717020406443,
            51.237780519394704,
          ],
          Array [
            7.110024716779064,
            51.237827947732356,
          ],
          Array [
            7.110550157294554,
            51.237930719981854,
          ],
          Array [
            7.111016230858073,
            51.23802494811899,
          ],
          Array [
            7.111353868649988,
            51.237961092648554,
          ],
          Array [
            7.111882564450012,
            51.23785993556684,
          ],
          Array [
            7.11203720646185,
            51.2378307047862,
          ],
          Array [
            7.112087127489904,
            51.237763115648846,
          ],
          Array [
            7.112091818458894,
            51.23771195865255,
          ],
          Array [
            7.111731977546916,
            51.23744878897372,
          ],
          Array [
            7.11052555070274,
            51.2374221474698,
          ],
          Array [
            7.110522523368106,
            51.23719875599286,
          ],
          Array [
            7.111152216970219,
            51.23713674106245,
          ],
          Array [
            7.113305267759632,
            51.2369509366683,
          ],
          Array [
            7.11418582222602,
            51.23686719585313,
          ],
          Array [
            7.114636895086485,
            51.236822048783466,
          ],
          Array [
            7.114737129056453,
            51.23731244877987,
          ],
          Array [
            7.114851128001073,
            51.23765798700728,
          ],
          Array [
            7.114950594139801,
            51.237918191788964,
          ],
          Array [
            7.115077278296386,
            51.238265946176824,
          ],
          Array [
            7.115150406223886,
            51.238552424354424,
          ],
          Array [
            7.115172501367681,
            51.238652689963686,
          ],
          Array [
            7.115236555289521,
            51.23892471176361,
          ],
          Array [
            7.115344451575419,
            51.239232808148124,
          ],
          Array [
            7.114543411632846,
            51.239182582690454,
          ],
          Array [
            7.114201134860515,
            51.239064763087164,
          ],
          Array [
            7.114237006976324,
            51.2394204806278,
          ],
          Array [
            7.114219830751419,
            51.23985498580242,
          ],
          Array [
            7.1142027705010245,
            51.24028360625721,
          ],
          Array [
            7.114229568611173,
            51.240395941802454,
          ],
          Array [
            7.114305731871549,
            51.24089379160374,
          ],
          Array [
            7.114088955515974,
            51.24130618024836,
          ],
          Array [
            7.114020150638328,
            51.24142023112683,
          ],
          Array [
            7.113901164789761,
            51.24159077030735,
          ],
          Array [
            7.110154484257978,
            51.24166260896365,
          ],
        ],
      ],
      "type": "Polygon",
    },
    "id": 79,
    "properties": Object {
      "created_at": "2021-04-04T21:41:13.897Z",
      "facility": null,
      "name": "Außengrenze",
      "published_at": "2021-04-04T21:41:29.115Z",
      "type": "border",
      "updated_at": "2021-04-04T21:41:29.129Z",
    },
    "type": "Feature",
  },
]
`;
