// Jest Snapshot v1, https://goo.gl/fbAQLP

exports[`data-helper getFiles 1`] = `
Array [
  "aegyptische-landschildkroete.md",
  "afrikanische-zwergglanzgans.md",
  "afrikanischer-elefant.md",
  "afrikanischer-esel.md",
  "afrikanischer-riesentausendfuesser.md",
  "anden-felsenhahn.md",
  "andenkarakara.md",
  "apfelschnecke.md",
  "arabischer-doktorfisch.md",
  "areolen-flachschildkroete.md",
  "argentinische-ruderente.md",
  "asiatische-goldkatze.md",
  "asiatischer-rothund.md",
  "baikalente.md",
  "balistar.md",
  "bananenfalter.md",
  "banggai-kardinalbarsch.md",
  "bankivahuhn.md",
  "bartagame.md",
  "baumskink.md",
  "bennettskaenguru.md",
  "bernierente.md",
  "blassfuss-toepfervogel.md",
  "blaue-bambusphelsume.md",
  "blauer-diskusfisch.md",
  "blauer-pfeilgiftfrosch.md",
  "blauer-riffbarsch.md",
  "blauer-seidenkuckuck.md",
  "blaufluegelgans.md",
  "blaugelber-zwergkaiserfisch.md",
  "blauohr-honigfresser.md",
  "boesemans-regenbogenfisch.md",
  "bongo.md",
  "bonobo.md",
  "brandgans.md",
  "braunbaer.md",
  "braunbauch-laubenvogel.md",
  "brillenpinguin.md",
  "chileflamingo.md",
  "china-nachtigall.md",
  "chinesischer-wasserskink.md",
  "darwin-nandu.md",
  "desjardins-seebader.md",
  "diadem-seeigel.md",
  "diamant-regenbogenfisch.md",
  "diamanttaeubchen.md",
  "dickschnabelorganist.md",
  "discosoma-sp..md",
  "dornwald-taggecko.md",
  "dornwels.md",
  "dreiecksnatter.md",
  "drill.md",
  "eiderente.md",
  "eisbaer.md",
  "eisvogel.md",
  "emu.md",
  "erdmaennchen.md",
  "eselspinguin.md",
  "europaeische-sumpfschildkroete.md",
  "europaeischer-biber.md",
  "faerberfrosch.md",
  "fransenlipper.md",
  "fuchsgesicht.md",
  "gabelschwanz-regenbogenfisch.md",
  "gardners-prachtkaerpfling.md",
  "gaukler.md",
  "gebaenderter-fidschi-leguan.md",
  "gelbbauchnektarvogel.md",
  "gelbbrauner-antennenwels.md",
  "gelbbrustara.md",
  "gelbe-korallengrundel.md",
  "gelber-kaninchenfisch.md",
  "gelber-rotmeer-schmetterlingsfisch.md",
  "gelber-segelseebader.md",
  "gelbflossen-doktorfisch.md",
  "gelbfuessiger-honigsauger.md",
  "gelbgebaenderter-baumsteiger.md",
  "gelbmasken-kaiserfisch.md",
  "gelbrueckenducker.md",
  "gelbsteissbuelbuel.md",
  "gepard.md",
  "gepunkteter-barramundi.md",
  "gestreifter-blattsteiger.md",
  "gewoehnliche-strumpfbandnatter.md",
  "glanzelsterchen.md",
  "glattstirn-lederkopf.md",
  "goldkopf-loewenaeffchen.md",
  "goldkopfpipra.md",
  "goldring-borstenzahn-doktorfisch.md",
  "gouldamadine.md",
  "graureiher.md",
  "griechische-landschildkroete.md",
  "grosse-mara.md",
  "grosser-kampffisch.md",
  "gruener-baumpython.md",
  "gruenes-schwalbenschwaenzchen.md",
  "gruenschwanz-glanzstar.md",
  "gruentangare.md",
  "halsbandpekari.md",
  "hardun.md",
  "harlekinwachtel.md",
  "hauben-seidenkuckuck.md",
  "hausmeerschweinchen.md",
  "hauszaunkoenig.md",
  "hawaiigans.md",
  "hirscheber.md",
  "hornsittich.md",
  "hyazinthara.md",
  "jamaika-erdtaube.md",
  "kaerpflingsbuntbarsch.md",
  "kaimanfisch.md",
  "kaisergans.md",
  "kaiserskorpion.md",
  "kaisertetra.md",
  "kalifornischer-seeloewe.md",
  "kappenpitta.md",
  "kappensaeger.md",
  "kaptriel.md",
  "kiang.md",
  "kiebitz.md",
  "kirk-dikdik.md",
  "kirschflecksalmler.md",
  "kleine-wuestenspringmaus.md",
  "kleiner-panda.md",
  "koenigspinguin.md",
  "koenigspython.md",
  "kolbenente.md",
  "korallenfingerlaubfrosch.md",
  "kornnatter.md",
  "kragenente.md",
  "krokodilhoeckerechse.md",
  "kubanischer-schweinsfisch.md",
  "kurzohrige-elefantenspitzmaus.md",
  "lachender-hans.md",
  "lachsroter-regenbogenfisch.md",
  "langfluegel-dampfschiffente.md",
  "langschnaeuziges-seepferdchen.md",
  "leopard-buschfisch.md",
  "leopard.md",
  "loewe.md",
  "lsd-leierfisch.md",
  "madagaskar-hundskopfboa.md",
  "madagaskar-taggecko.md",
  "madagaskarhechtling.md",
  "maehnengans.md",
  "maehnenibis.md",
  "malaiischer-gabelbart.md",
  "mandarinente.md",
  "mandschurenkranich.md",
  "mittelamerikanischer-tapir.md",
  "moenchsgeier.md",
  "mosaikfadenfisch.md",
  "mosambique-guertelschweif.md",
  "moschusente.md",
  "nebelparder.md",
  "nordafrikanische-dornschwanzagame.md",
  "oestliches-graues-riesenkaenguru.md",
  "okapi.md",
  "olivgruener-schlangenstern.md",
  "oman-falbkatze.md",
  "orang-utan.md",
  "orangeringelfisch.md",
  "ornamentvogelspinne.md",
  "pantherchamaeleon.md",
  "panzerguertelschweif.md",
  "pasteurs-taggecko.md",
  "peposakaente.md",
  "perlhuhnwels.md",
  "pfauen-kaiserfisch.md",
  "pfauenaugen-zwergfeuerfisch.md",
  "picasso-drueckerfisch.md",
  "pinselohrschwein.md",
  "pinzettfisch.md",
  "piranha.md",
  "plueschkopfente.md",
  "prachteiderente.md",
  "prachtkopfsteher.md",
  "prachtschmerle.md",
  "purpurrose.md",
  "purpurtangare.md",
  "purpurziersalmler.md",
  "pyjama-kardinalbarsch.md",
  "rauhschuppenpython.md",
  "rentier.md",
  "riesentukan.md",
  "roetelmaus.md",
  "rosapelikan.md",
  "rotbaeuchige-spitzkopfschildkroete.md",
  "roter-neon.md",
  "roter-sichler.md",
  "roter-vari.md",
  "rotfussseriema.md",
  "rothalsgans.md",
  "rotkappen-fruchttaube.md",
  "rotkehlanolis.md",
  "rotkopfgans.md",
  "rotspiegelamazone.md",
  "rotwangen-schmuckschildkroete.md",
  "rubintyrann.md",
  "saebelschnaebler.md",
  "sambischer-kleingraumull.md",
  "sandkatze.md",
  "schellente.md",
  "schmuck-floesselhecht.md",
  "schneckenbuntbarsch.md",
  "schnee-eule.md",
  "schneeleopard.md",
  "schokoladengurami.md",
  "schopftinamu.md",
  "schuppensaeger.md",
  "schwalbenschwanz-riffbarsch.md",
  "schwanengans.md",
  "schwarzer-klammeraffe.md",
  "schwarzhalsschwan.md",
  "schwefeltyrann.md",
  "segelflosser.md",
  "seidenreiher.md",
  "sibirischer-steinbock.md",
  "siebenfarbentangare.md",
  "sonnenralle.md",
  "spaltfussgans.md",
  "spatelente.md",
  "spatelschnabelente.md",
  "spornschildkroete.md",
  "steppenzebra.md",
  "stockente.md",
  "strausswachtel.md",
  "streifengans.md",
  "streifenhechtling.md",
  "stumpfkrokodil.md",
  "suedlicher-pudu.md",
  "tafelente.md",
  "takin.md",
  "tiger.md",
  "trauermantelsalmler.md",
  "ultramarinbischof.md",
  "waldrapp.md",
  "wandelnde-geige.md",
  "weisshandgibbon.md",
  "weissstorch.md",
  "westlicher-gorilla.md",
  "wiedehopf.md",
  "wildziege.md",
  "wimpelfisch.md",
  "witwenpfeifgans.md",
  "yak.md",
  "zebrafink.md",
  "zitronensalmler.md",
  "zweifingerfaultier.md",
  "zwergbartagame.md",
  "zwergmara.md",
  "zwergregenbogenfisch.md",
  "zwergsaeger.md",
  "zwergschwan.md",
  "zwergwachtel.md",
]
`;
