// Jest Snapshot v1, https://goo.gl/fbAQLP

exports[`animals list all 1`] = `
Array [
  Object {
    "content": "
I am content.
",
    "facility": "elefanten",
    "i18nNames": Object {
      "de": "Afrikanischer Elefant",
      "en": "African elephant",
      "nl": "Savanneolifant",
    },
    "images": Array [
      "https://upload.wikimedia.org/wikipedia/commons/5/5c/African_Elephant_(Loxodonta_africana)_male_(16723147361).jpg",
      "https://upload.wikimedia.org/wikipedia/commons/3/37/African_Bush_Elephant.jpg",
      "https://upload.wikimedia.org/wikipedia/commons/2/2e/African_bush_elephant,_Loxodonta_africana_at_Punda_Maria,_Kruger_National_Park,_South_Africa._Includes_lots_of_baby_elephant._(20591203310).jpg",
    ],
    "iucnID": "12392",
    "iucnLink": "https://apiv3.iucnredlist.org/api/v3/taxonredirect/12392",
    "iucnStatus": "Q278113",
    "published": true,
    "scientificName": "Loxodonta africana",
    "slug": "afrikanischer-elefant",
    "taxonomy": Object {
      "class": "Säugetiere",
      "family": "Elefanten",
      "order": "Rüsseltiere",
      "species": "Afrikanischer Elefant",
    },
    "title": "Afrikanischer Elefant",
    "wikidata": "Q36557",
    "wikipediaLink": "https://de.wikipedia.org/wiki/Afrikanischer_Elefant",
  },
  Object {
    "content": "
I am content.
",
    "facility": "katzenhaus",
    "i18nNames": Object {
      "de": "Asiatische Goldkatze",
      "en": "Asiatic golden cat",
      "nl": "Aziatische goudkat",
    },
    "images": Array [
      "https://upload.wikimedia.org/wikipedia/commons/d/d7/Asian_Golden_cat.jpg",
    ],
    "iucnID": null,
    "iucnLink": null,
    "iucnStatus": null,
    "published": true,
    "scientificName": "Pardofelis temminckii",
    "slug": "asiatische-goldkatze",
    "taxonomy": Object {
      "class": "Säugetiere",
      "family": "Katzen",
      "order": "Raubtiere",
      "species": "Asiatische Goldkatze",
    },
    "title": "Asiatische Goldkatze",
    "wikidata": "Q192233",
    "wikipediaLink": "https://de.wikipedia.org/wiki/Asiatische_Goldkatze",
  },
  Object {
    "content": "
I am content.
",
    "facility": "rothunde",
    "i18nNames": Object {
      "de": "Rothund",
      "en": "Dhole",
      "nl": "Dhole",
    },
    "images": Array [
      "https://upload.wikimedia.org/wikipedia/commons/0/01/Dhole_(Asiatic_wild_dog)_cropped.jpg",
    ],
    "iucnID": "5953",
    "iucnLink": "https://apiv3.iucnredlist.org/api/v3/taxonredirect/5953",
    "iucnStatus": "Q11394",
    "published": true,
    "scientificName": "Cuon alpinus",
    "slug": "asiatischer-rothund",
    "taxonomy": Object {
      "class": "Säugetiere",
      "family": "Hunde",
      "order": "Raubtiere",
      "species": "Asiatischer Rothund",
    },
    "title": "Asiatischer Rothund",
    "wikidata": "Q132585",
    "wikipediaLink": "https://de.wikipedia.org/wiki/Rothund",
  },
  Object {
    "content": "
I am content.
",
    "facility": "bongos",
    "i18nNames": Object {
      "de": "Bongo",
      "en": "Bongo",
      "nl": "Bongo",
    },
    "images": Array [
      "https://upload.wikimedia.org/wikipedia/commons/7/70/Bongo_NashvilleZoo.jpg",
      "https://upload.wikimedia.org/wikipedia/commons/d/df/Bongo_Burger_Zoo.jpg",
      "https://upload.wikimedia.org/wikipedia/commons/5/54/Mountain_bongo_mount_kenya.jpg",
    ],
    "iucnID": "22047",
    "iucnLink": "https://apiv3.iucnredlist.org/api/v3/taxonredirect/22047",
    "iucnStatus": "Q719675",
    "published": true,
    "scientificName": "Tragelaphus eurycerus",
    "slug": "bongo",
    "taxonomy": Object {
      "class": "Säugetiere",
      "family": "Hornträger",
      "order": "Paarhufer",
      "species": "Bongo",
    },
    "title": "Bongo",
    "wikidata": "Q193400",
    "wikipediaLink": "https://de.wikipedia.org/wiki/Bongo_(Antilope)",
  },
  Object {
    "content": "
I am content.
",
    "facility": "affenhaus",
    "i18nNames": Object {
      "de": "Bonobo",
      "en": "Bonobo",
      "nl": "bonobo",
    },
    "images": Array [
      "https://upload.wikimedia.org/wikipedia/commons/e/e2/Apeldoorn_Apenheul_zoo_Bonobo.jpg",
      "https://upload.wikimedia.org/wikipedia/commons/2/27/Pan_paniscus_(female).jpg",
      "https://upload.wikimedia.org/wikipedia/commons/2/2e/Pan_paniscus14.jpg",
    ],
    "iucnID": "15932",
    "iucnLink": "https://apiv3.iucnredlist.org/api/v3/taxonredirect/15932",
    "iucnStatus": "Q11394",
    "published": true,
    "scientificName": "Pan paniscus",
    "slug": "bonobo",
    "taxonomy": Object {
      "class": "Säugetiere",
      "family": "Menschenaffen",
      "order": "Primaten",
      "species": "Bonobo",
    },
    "title": "Bonobo",
    "wikidata": "Q19537",
    "wikipediaLink": "https://de.wikipedia.org/wiki/Bonobo",
  },
  Object {
    "content": "
I am content.
",
    "facility": "baeren",
    "i18nNames": Object {
      "de": "Braunbär",
      "en": "Brown Bear",
      "nl": "bruine beer",
    },
    "images": Array [
      "https://upload.wikimedia.org/wikipedia/commons/7/7d/Brown_bear.jpg",
    ],
    "iucnID": "41688",
    "iucnLink": "https://apiv3.iucnredlist.org/api/v3/taxonredirect/41688",
    "iucnStatus": "Q211005",
    "published": true,
    "scientificName": "Ursus arctos",
    "slug": "braunbaer",
    "taxonomy": Object {
      "class": "Säugetiere",
      "family": "Bären",
      "order": "Raubtiere",
      "species": "Braunbär",
    },
    "title": "Braunbär",
    "wikidata": "Q36341",
    "wikipediaLink": "https://de.wikipedia.org/wiki/Braunbär",
  },
  Object {
    "content": "
I am content.
",
    "facility": "brillenpinguine",
    "i18nNames": Object {
      "de": "Brillenpinguin",
      "en": "African Penguin",
      "nl": "Zwartvoetpinguïn",
    },
    "images": Array [
      "https://upload.wikimedia.org/wikipedia/commons/8/83/African_penguins_Boulder_Bay_1.jpg",
      "https://upload.wikimedia.org/wikipedia/commons/4/4a/African_penguin_near_Boulders_Beach.jpg",
      "https://upload.wikimedia.org/wikipedia/commons/8/88/Pingüino_de_El_Cabo_(Spheniscus_demersus),_Playa_de_Boulders,_Simon's_Town,_Sudáfrica,_2018-07-23,_DD_11.jpg",
    ],
    "iucnID": "22697810",
    "iucnLink": "https://apiv3.iucnredlist.org/api/v3/taxonredirect/22697810",
    "iucnStatus": "Q11394",
    "published": true,
    "scientificName": "Spheniscus demersus",
    "slug": "brillenpinguin",
    "taxonomy": Object {
      "class": "Vögel",
      "family": "Pinguine",
      "order": "Pinguine",
      "species": "Brillenpinguin",
    },
    "title": "Brillenpinguin",
    "wikidata": "Q244813",
    "wikipediaLink": "https://de.wikipedia.org/wiki/Brillenpinguin",
  },
  Object {
    "content": "
I am content.
",
    "facility": "tierwelt-patagoniens",
    "i18nNames": Object {
      "de": "Darwinnandu",
      "en": "Lesser Rhea",
      "nl": "Darwins Nandoe",
    },
    "images": Array [
      "https://upload.wikimedia.org/wikipedia/commons/0/08/Rhea_pennata_-Patagonia_-Chile-8.jpg",
      "https://upload.wikimedia.org/wikipedia/commons/4/4b/Lesser_Rhea_Pterocnemia_pennata.jpg",
    ],
    "iucnID": "22728199",
    "iucnLink": "https://apiv3.iucnredlist.org/api/v3/taxonredirect/22728199",
    "iucnStatus": "Q211005",
    "published": true,
    "scientificName": "Rhea pennata",
    "slug": "darwin-nandu",
    "taxonomy": Object {
      "class": "Vögel",
      "family": "Nandus",
      "order": "Laufvögel",
      "species": "Darwin-Nandu",
    },
    "title": "Darwin-Nandu",
    "wikidata": "Q733120",
    "wikipediaLink": "https://de.wikipedia.org/wiki/Darwin-Nandu",
  },
  Object {
    "content": "
I am content.
",
    "facility": "kleines-affenhaus",
    "i18nNames": Object {
      "de": "Drill",
      "en": "Drill",
      "nl": "dril",
    },
    "images": Array [
      "https://upload.wikimedia.org/wikipedia/commons/c/c1/Drill_Lincolnparkzoo.jpg",
    ],
    "iucnID": "12753",
    "iucnLink": "https://apiv3.iucnredlist.org/api/v3/taxonredirect/12753",
    "iucnStatus": "Q11394",
    "published": true,
    "scientificName": "Mandrillus leucophaeus",
    "slug": "drill",
    "taxonomy": Object {
      "class": "Säugetiere",
      "family": "Meerkatzenverwandte",
      "order": "Primaten",
      "species": "Drill",
    },
    "title": "Drill",
    "wikidata": "Q221434",
    "wikipediaLink": "https://de.wikipedia.org/wiki/Drill_(Primat)",
  },
  Object {
    "content": "
I am content.
",
    "facility": "eisbaeren",
    "i18nNames": Object {
      "de": "Eisbär",
      "en": "Polar bear",
      "nl": "ijsbeer",
    },
    "images": Array [
      "https://upload.wikimedia.org/wikipedia/commons/3/3d/Polar_Bear_AdF.jpg",
    ],
    "iucnID": "22823",
    "iucnLink": "https://apiv3.iucnredlist.org/api/v3/taxonredirect/22823",
    "iucnStatus": "Q278113",
    "published": true,
    "scientificName": "Ursus maritimus",
    "slug": "eisbaer",
    "taxonomy": Object {
      "class": "Säugetiere",
      "family": "Bären",
      "order": "Raubtiere",
      "species": "Eisbär",
    },
    "title": "Eisbär",
    "wikidata": "Q33609",
    "wikipediaLink": "https://de.wikipedia.org/wiki/Eisbär",
  },
  Object {
    "content": "
I am content.
",
    "facility": "emus",
    "i18nNames": Object {
      "de": "Emu",
      "en": "Emu",
      "nl": "Emoe",
    },
    "images": Array [
      "https://upload.wikimedia.org/wikipedia/commons/9/9d/Emu_1_-_Tidbinbilla.jpg",
      "https://upload.wikimedia.org/wikipedia/commons/7/71/Dromaius_novaehollandiae%2C_Port_Campbell_National_Park_1.jpg",
    ],
    "iucnID": "22678117",
    "iucnLink": "https://apiv3.iucnredlist.org/api/v3/taxonredirect/22678117",
    "iucnStatus": "Q211005",
    "published": true,
    "scientificName": "Dromaius novaehollandiae",
    "slug": "emu",
    "taxonomy": Object {
      "class": "Vögel",
      "family": "Casuariidae",
      "order": "Casuariiformes",
      "species": "Großer Emu",
    },
    "title": "Emu",
    "wikidata": "Q93208",
    "wikipediaLink": "https://de.wikipedia.org/wiki/Emu",
  },
  Object {
    "content": "
I am content.
",
    "facility": "pinguine",
    "i18nNames": Object {
      "de": "Eselspinguin",
      "en": "Gentoo Penguin",
      "nl": "Ezelspinguïn",
    },
    "images": Array [
      "https://upload.wikimedia.org/wikipedia/commons/9/95/Gentoo_Penguin_at_Cooper_Bay,_South_Georgia.jpg",
    ],
    "iucnID": "22697755",
    "iucnLink": "https://apiv3.iucnredlist.org/api/v3/taxonredirect/22697755",
    "iucnStatus": "Q211005",
    "published": true,
    "scientificName": "Pygoscelis papua",
    "slug": "eselspinguin",
    "taxonomy": Object {
      "class": "Vögel",
      "family": "Pinguine",
      "order": "Pinguine",
      "species": "Eselspinguin",
    },
    "title": "Eselspinguin",
    "wikidata": "Q213021",
    "wikipediaLink": "https://de.wikipedia.org/wiki/Eselspinguin",
  },
  Object {
    "content": "
I am content.
",
    "facility": "biber",
    "i18nNames": Object {
      "de": "Eurasischer Biber",
      "en": "Eurasian beaver",
      "nl": "europese bever, bever",
    },
    "images": Array [
      "https://upload.wikimedia.org/wikipedia/commons/c/cc/Beaver_pho34.jpg",
    ],
    "iucnID": "4007",
    "iucnLink": "https://apiv3.iucnredlist.org/api/v3/taxonredirect/4007",
    "iucnStatus": "Q211005",
    "published": true,
    "scientificName": "Castor fiber",
    "slug": "europaeischer-biber",
    "taxonomy": Object {
      "class": "Säugetiere",
      "family": "Biber",
      "order": "Nagetiere",
      "species": "Europäischer Biber",
    },
    "title": "Europäischer Biber",
    "wikidata": "Q181191",
    "wikipediaLink": "https://de.wikipedia.org/wiki/Europäischer_Biber",
  },
  Object {
    "content": "
I am content.
",
    "facility": "okapis",
    "i18nNames": Object {
      "de": "Gelbrückenducker",
      "en": "Yellow-backed duiker",
      "nl": "Geelrugduiker",
    },
    "images": Array [
      "https://upload.wikimedia.org/wikipedia/commons/4/47/Cephalophus_sylvicultor_sylvicultor2.jpg",
    ],
    "iucnID": "4150",
    "iucnLink": "https://apiv3.iucnredlist.org/api/v3/taxonredirect/4150",
    "iucnStatus": "Q719675",
    "published": true,
    "scientificName": "Cephalophus silvicultor",
    "slug": "gelbrueckenducker",
    "taxonomy": Object {
      "class": "Säugetiere",
      "family": "Hornträger",
      "order": "Paarhufer",
      "species": "Gelbrückenducker",
    },
    "title": "Gelbrückenducker",
    "wikidata": "Q755744",
    "wikipediaLink": "https://de.wikipedia.org/wiki/Gelbrückenducker",
  },
  Object {
    "content": "
I am content.
",
    "facility": "kleines-affenhaus",
    "i18nNames": Object {
      "de": "Goldkopf-Löwenäffchen",
      "en": "Golden-headed lion tamarin",
      "nl": "Goudkopleeuwaapje",
    },
    "images": Array [
      "https://upload.wikimedia.org/wikipedia/commons/1/18/Leontopithecus_chrysomelas_(in_tree).jpg",
      "https://upload.wikimedia.org/wikipedia/commons/2/20/Stavenn_Leontopithecus_chrysomelas_01.jpg",
    ],
    "iucnID": "40643",
    "iucnLink": "https://apiv3.iucnredlist.org/api/v3/taxonredirect/40643",
    "iucnStatus": "Q11394",
    "published": true,
    "scientificName": "Leontopithecus chrysomelas",
    "slug": "goldkopf-loewenaeffchen",
    "taxonomy": Object {
      "class": "Säugetiere",
      "family": "Krallenaffen",
      "order": "Primaten",
      "species": "Goldkopf-Löwenäffchen",
    },
    "title": "Goldkopf-Löwenäffchen",
    "wikidata": "Q775442",
    "wikipediaLink": "https://de.wikipedia.org/wiki/Goldkopflöwenäffchen",
  },
  Object {
    "content": "
I am content.
",
    "facility": "tierwelt-patagoniens",
    "i18nNames": Object {
      "de": "Patagonischer Mara",
      "en": "Patagonian mara",
      "nl": "Mara",
    },
    "images": Array [
      "https://upload.wikimedia.org/wikipedia/commons/d/d4/Mara_1.jpg",
    ],
    "iucnID": "6785",
    "iucnLink": "https://apiv3.iucnredlist.org/api/v3/taxonredirect/6785",
    "iucnStatus": "Q719675",
    "published": true,
    "scientificName": "Dolichotis patagonum",
    "slug": "grosse-mara",
    "taxonomy": Object {
      "class": "Säugetiere",
      "family": "Meerschweinchen",
      "order": "Nagetiere",
      "species": "Große Mara",
    },
    "title": "Große Mara",
    "wikidata": "Q194313",
    "wikipediaLink": "https://de.wikipedia.org/wiki/Großer_Pampashase",
  },
  Object {
    "content": "
I am content.
",
    "facility": "suedamerikahaus",
    "i18nNames": Object {
      "de": "Südamerikanisches Halsbandpekari",
      "en": "Collared peccary",
      "nl": "Halsbandpekari",
    },
    "images": Array [
      "https://upload.wikimedia.org/wikipedia/commons/3/33/Tayassu_tajacu.jpg",
    ],
    "iucnID": "41777",
    "iucnLink": "https://apiv3.iucnredlist.org/api/v3/taxonredirect/41777",
    "iucnStatus": "Q211005",
    "published": true,
    "scientificName": "Pecari tajacu",
    "slug": "halsbandpekari",
    "taxonomy": Object {
      "class": "Säugetiere",
      "family": "Nabelschweine",
      "order": "Paarhufer",
      "species": "Halsbandpekari",
    },
    "title": "Halsbandpekari",
    "wikidata": "Q741516",
    "wikipediaLink": "https://de.wikipedia.org/wiki/Halsbandpekari",
  },
  Object {
    "content": "
I am content.
",
    "facility": "hirscheber",
    "i18nNames": Object {
      "de": "Hirscheber",
      "en": "babirusa",
      "nl": "babiroesa's",
    },
    "images": Array [
      "https://upload.wikimedia.org/wikipedia/commons/c/cd/Hirscheber1a.jpg",
    ],
    "iucnID": 2461,
    "iucnLink": "https://apiv3.iucnredlist.org/api/v3/taxonredirect/2461",
    "iucnStatus": null,
    "published": true,
    "scientificName": "Babyrousa",
    "slug": "hirscheber",
    "taxonomy": Object {
      "class": "Säugetiere",
      "family": "Echte Schweine",
      "order": "Paarhufer",
      "species": "Hirscheber",
    },
    "title": "Hirscheber",
    "wikidata": "Q232558",
    "wikipediaLink": "https://de.wikipedia.org/wiki/Hirscheber",
  },
  Object {
    "content": "
I am content.
",
    "facility": "seeloewen",
    "i18nNames": Object {
      "de": "Kalifornischer Seelöwe",
      "en": "California sea lion",
      "nl": "Californische zeeleeuw",
    },
    "images": Array [
      "https://upload.wikimedia.org/wikipedia/commons/5/5c/Bigmalesealion.jpg",
      "https://upload.wikimedia.org/wikipedia/commons/7/74/California_sea_lion_in_La_Jolla_(70568).jpg",
    ],
    "iucnID": "41666",
    "iucnLink": "https://apiv3.iucnredlist.org/api/v3/taxonredirect/41666",
    "iucnStatus": "Q211005",
    "published": true,
    "scientificName": "Zalophus californianus",
    "slug": "kalifornischer-seeloewe",
    "taxonomy": Object {
      "class": "Säugetiere",
      "family": "Ohrenrobben",
      "order": "Raubtiere",
      "species": "Kalifornischer Seelöwe",
    },
    "title": "Kalifornischer Seelöwe",
    "wikidata": "Q379732",
    "wikipediaLink": "https://de.wikipedia.org/wiki/Kalifornischer_Seelöwe",
  },
  Object {
    "content": "
I am content.
",
    "facility": "kiang",
    "i18nNames": Object {
      "de": "Kiang",
      "en": "Kiang",
      "nl": "Kiang",
    },
    "images": Array [
      "https://upload.wikimedia.org/wikipedia/commons/e/e1/Equus_kiang_holdereri02.jpg",
    ],
    "iucnID": "7953",
    "iucnLink": "https://apiv3.iucnredlist.org/api/v3/taxonredirect/7953",
    "iucnStatus": "Q211005",
    "published": true,
    "scientificName": "Equus kiang",
    "slug": "kiang",
    "taxonomy": Object {
      "class": "Säugetiere",
      "family": "Pferde",
      "order": "Unpaarhufer",
      "species": "Kiang",
    },
    "title": "Kiang",
    "wikidata": "Q221380",
    "wikipediaLink": "https://de.wikipedia.org/wiki/Kiang",
  },
  Object {
    "content": "
I am content.
",
    "facility": "kirk-dikdiks",
    "i18nNames": Object {
      "de": "Kirk-Dikdik",
      "en": "Kirk's Dik-dik",
      "nl": "Kirks dikdik",
    },
    "images": Array [
      "https://upload.wikimedia.org/wikipedia/commons/6/67/Madoqua_kirkii_-_male_(Namutoni).jpg",
      "https://upload.wikimedia.org/wikipedia/commons/7/78/Madoqua_kirkii_-_female_(Namutoni).jpg",
    ],
    "iucnID": "12670",
    "iucnLink": "https://apiv3.iucnredlist.org/api/v3/taxonredirect/12670",
    "iucnStatus": "Q211005",
    "published": true,
    "scientificName": "Madoqua kirkii",
    "slug": "kirk-dikdik",
    "taxonomy": Object {
      "class": "Säugetiere",
      "family": "Hornträger",
      "order": "Paarhufer",
      "species": "Kirk-Dikdik",
    },
    "title": "Kirk-Dikdik",
    "wikidata": "Q833607",
    "wikipediaLink": "https://de.wikipedia.org/wiki/Kirk-Dikdik",
  },
  Object {
    "content": "
I am content.
",
    "facility": "pinguine",
    "i18nNames": Object {
      "de": "Königspinguin",
      "en": "King Penguin",
      "nl": "Koningspinguïn",
    },
    "images": Array [
      "https://upload.wikimedia.org/wikipedia/commons/a/ab/King_Penguins_at_Salisbury_Plain_(5719466981).jpg",
      "https://upload.wikimedia.org/wikipedia/commons/f/fc/Manchot_royal_-_King_Penguin.jpg",
    ],
    "iucnID": "22697748",
    "iucnLink": "https://apiv3.iucnredlist.org/api/v3/taxonredirect/22697748",
    "iucnStatus": "Q211005",
    "published": true,
    "scientificName": "Aptenodytes patagonicus",
    "slug": "koenigspinguin",
    "taxonomy": Object {
      "class": "Vögel",
      "family": "Pinguine",
      "order": "Pinguine",
      "species": "Königspinguin",
    },
    "title": "Königspinguin",
    "wikidata": "Q182209",
    "wikipediaLink": "https://de.wikipedia.org/wiki/Königspinguin",
  },
  Object {
    "content": "
I am content.
",
    "facility": "katzenhaus",
    "i18nNames": Object {
      "de": "Rundohr-Elefantenspitzmaus",
      "en": "Round-eared Elephant Shrew",
      "nl": "slurfspitsmuis",
    },
    "images": Array [
      "https://upload.wikimedia.org/wikipedia/commons/5/54/Macroscelides._proboscideus.6869.jpg",
    ],
    "iucnID": "45369602",
    "iucnLink": "https://apiv3.iucnredlist.org/api/v3/taxonredirect/45369602",
    "iucnStatus": "Q211005",
    "published": true,
    "scientificName": "Macroscelides proboscideus",
    "slug": "kurzohrige-elefantenspitzmaus",
    "taxonomy": Object {
      "class": "Säugetiere",
      "family": "Rüsselspringer",
      "order": "Rüsselspringer",
      "species": "Kurzohrige Elefantenspitzmaus",
    },
    "title": "Kurzohrige Elefantenspitzmaus",
    "wikidata": "Q1130566",
    "wikipediaLink": "https://de.wikipedia.org/wiki/Kurzohrrüsselspringer",
  },
  Object {
    "content": "
I am content.
",
    "facility": "lachender-hans",
    "i18nNames": Object {
      "de": "Jägerliest",
      "en": "Laughing Kookaburra",
      "nl": "Kookaburra",
    },
    "images": Array [
      "https://upload.wikimedia.org/wikipedia/commons/9/9b/Laughing_kookaburra_dec08_02.jpg",
      "https://upload.wikimedia.org/wikipedia/commons/1/19/Dacelo_novaeguineae_waterworks.jpg",
    ],
    "iucnID": "22683189",
    "iucnLink": "https://apiv3.iucnredlist.org/api/v3/taxonredirect/22683189",
    "iucnStatus": "Q211005",
    "published": true,
    "scientificName": "Dacelo novaeguineae",
    "slug": "lachender-hans",
    "taxonomy": Object {
      "class": "Vögel",
      "family": "Eisvögel",
      "order": "Rackenvögel",
      "species": "Lachender Hans",
    },
    "title": "Lachender Hans",
    "wikidata": "Q824974",
    "wikipediaLink": "https://de.wikipedia.org/wiki/Jägerliest",
  },
  Object {
    "content": "
I am content.
",
    "facility": "katzenhaus",
    "i18nNames": Object {
      "de": "Leopard",
      "en": "Leopard",
      "nl": "luipaard",
    },
    "images": Array [
      "https://upload.wikimedia.org/wikipedia/commons/e/eb/African_leopard,_Panthera_pardus_pardus,_near_Lake_Panic,_Kruger_National_Park,_South_Africa_(19448654130).jpg",
    ],
    "iucnID": "15954",
    "iucnLink": "https://apiv3.iucnredlist.org/api/v3/taxonredirect/15954",
    "iucnStatus": "Q278113",
    "published": true,
    "scientificName": "Panthera pardus",
    "slug": "leopard",
    "taxonomy": Object {
      "class": "Säugetiere",
      "family": "Katzen",
      "order": "Raubtiere",
      "species": "Leopard",
    },
    "title": "Leopard",
    "wikidata": "Q34706",
    "wikipediaLink": "https://de.wikipedia.org/wiki/Leopard",
  },
  Object {
    "content": "
I am content.
",
    "facility": "loewen",
    "i18nNames": Object {
      "de": "Löwe",
      "en": "Lion",
      "nl": "Leeuw",
    },
    "images": Array [
      "https://upload.wikimedia.org/wikipedia/commons/7/73/Lion_waiting_in_Namibia.jpg",
      "https://upload.wikimedia.org/wikipedia/commons/c/c6/Okonjima_Lioness.jpg",
    ],
    "iucnID": 15951,
    "iucnLink": "https://apiv3.iucnredlist.org/api/v3/taxonredirect/Q140",
    "iucnStatus": "Q278113",
    "published": true,
    "scientificName": "Panthera leo",
    "slug": "loewe",
    "taxonomy": Object {
      "class": "Säugetiere",
      "family": "Katzen",
      "order": "Raubtiere",
      "species": "Löwe",
    },
    "title": "Löwe",
    "wikidata": "Q140",
    "wikipediaLink": "https://de.wikipedia.org/wiki/Löwe_(Sternbild)",
  },
  Object {
    "content": "
I am content.
",
    "facility": "suedamerikahaus",
    "i18nNames": Object {
      "de": "Baird-Tapir",
      "en": "Baird's tapir",
      "nl": "Midden-Amerikaanse tapir",
    },
    "images": Array [
      "https://upload.wikimedia.org/wikipedia/commons/2/2e/Tapirus_bairdii_-Franklin_Park_Zoo,_Massachusetts,_USA-8a.jpg",
      "https://upload.wikimedia.org/wikipedia/commons/6/63/Belize21.jpg",
    ],
    "iucnID": "21471",
    "iucnLink": "https://apiv3.iucnredlist.org/api/v3/taxonredirect/21471",
    "iucnStatus": "Q11394",
    "published": true,
    "scientificName": "Tapirus bairdii",
    "slug": "mittelamerikanischer-tapir",
    "taxonomy": Object {
      "class": "Säugetiere",
      "family": "Tapire",
      "order": "Unpaarhufer",
      "species": "Mittelamerikanischer Tapir",
    },
    "title": "Mittelamerikanischer Tapir",
    "wikidata": "Q215997",
    "wikipediaLink": "https://de.wikipedia.org/wiki/Mittelamerikanischer_Tapir",
  },
  Object {
    "content": "
I am content.
",
    "facility": "okapis",
    "i18nNames": Object {
      "de": "Okapi",
      "en": "Okapi",
      "nl": "okapi",
    },
    "images": Array [
      "https://upload.wikimedia.org/wikipedia/commons/b/b6/Okapia_johnstoni_-Marwell_Wildlife,_Hampshire,_England-8a.jpg",
      "https://upload.wikimedia.org/wikipedia/commons/a/ac/Okapia_johnstoni1.jpg",
      "https://upload.wikimedia.org/wikipedia/commons/6/6a/Okapi1.jpg",
      "https://upload.wikimedia.org/wikipedia/commons/c/cc/Okapitongue.jpg",
    ],
    "iucnID": "15188",
    "iucnLink": "https://apiv3.iucnredlist.org/api/v3/taxonredirect/15188",
    "iucnStatus": "Q11394",
    "published": true,
    "scientificName": "Okapia johnstoni",
    "slug": "okapi",
    "taxonomy": Object {
      "class": "Säugetiere",
      "family": "Giraffenartige",
      "order": "Paarhufer",
      "species": "Okapi",
    },
    "title": "Okapi",
    "wikidata": "Q82037",
    "wikipediaLink": "https://de.wikipedia.org/wiki/Okapi",
  },
  Object {
    "content": "
I am content.
",
    "facility": "affenhaus",
    "i18nNames": Object {
      "de": "Orang-Utans",
      "en": "Orangutan",
      "nl": "orang-oetans",
    },
    "images": Array [
      "https://upload.wikimedia.org/wikipedia/commons/b/be/Orang_Utan,_Semenggok_Forest_Reserve,_Sarawak,_Borneo,_Malaysia.JPG",
      "https://upload.wikimedia.org/wikipedia/commons/0/0b/Orangutan.jpg",
    ],
    "iucnID": null,
    "iucnLink": null,
    "iucnStatus": null,
    "published": true,
    "scientificName": "Pongo",
    "slug": "orang-utan",
    "taxonomy": Object {
      "class": "Säugetiere",
      "family": "Menschenaffen",
      "order": "Primaten",
      "species": "Orang Utan",
    },
    "title": "Orang Utan",
    "wikidata": "Q41050",
    "wikipediaLink": "https://de.wikipedia.org/wiki/Orang-Utans",
  },
  Object {
    "content": "
I am content.
",
    "facility": "pinselohrschweine",
    "i18nNames": Object {
      "de": "Pinselohrschwein",
      "en": "Red river hog",
      "nl": "Penseelzwijn",
    },
    "images": Array [
      "https://upload.wikimedia.org/wikipedia/commons/4/4c/0_Potamochoerus_porcus_-_Potamochère_roux_(1).JPG",
      "https://upload.wikimedia.org/wikipedia/commons/5/5a/Schwein_Pinselohrschwein_0509011.jpg",
    ],
    "iucnID": "41771",
    "iucnLink": "https://apiv3.iucnredlist.org/api/v3/taxonredirect/41771",
    "iucnStatus": "Q211005",
    "published": true,
    "scientificName": "Potamochoerus porcus",
    "slug": "pinselohrschwein",
    "taxonomy": Object {
      "class": "Säugetiere",
      "family": "Echte Schweine",
      "order": "Paarhufer",
      "species": "Pinselohrschwein",
    },
    "title": "Pinselohrschwein",
    "wikidata": "Q654370",
    "wikipediaLink": "https://de.wikipedia.org/wiki/Pinselohrschwein",
  },
  Object {
    "content": "
I am content.
",
    "facility": "rentiere",
    "i18nNames": Object {
      "de": "Rentier",
      "en": "Reindeer",
      "nl": "Rendier",
    },
    "images": Array [
      "https://upload.wikimedia.org/wikipedia/commons/f/fd/Caribou.jpg",
      "https://upload.wikimedia.org/wikipedia/commons/e/e0/Rentier_fws_1.jpg",
    ],
    "iucnID": 29742,
    "iucnLink": "https://apiv3.iucnredlist.org/api/v3/taxonredirect/29742",
    "iucnStatus": "Q278113",
    "published": true,
    "scientificName": "Rangifer tarandus",
    "slug": "rentier",
    "taxonomy": Object {
      "class": "Säugetiere",
      "family": "Hirsche",
      "order": "Paarhufer",
      "species": "Rentier",
    },
    "title": "Rentier",
    "wikidata": "Q39624",
    "wikipediaLink": "https://de.wikipedia.org/wiki/Ren",
  },
  Object {
    "content": "
I am content.
",
    "facility": "pelikane",
    "i18nNames": Object {
      "de": "Rosapelikan",
      "en": "Great White Pelican",
      "nl": "Roze Pelikaan",
    },
    "images": Array [
      "https://upload.wikimedia.org/wikipedia/commons/d/dd/Great_white_pelican_(Pelecanus_onocrotalus).jpg",
      "https://upload.wikimedia.org/wikipedia/commons/d/d4/Pelikan_Walvis_Bay.jpg",
      "https://upload.wikimedia.org/wikipedia/commons/e/e8/Kerkini_lake_in_May_09.jpg",
      "https://upload.wikimedia.org/wikipedia/commons/6/62/Pelecanus_onocrotalus_-_Great_White_Pelican_01.jpg",
    ],
    "iucnID": "22697590",
    "iucnLink": "https://apiv3.iucnredlist.org/api/v3/taxonredirect/22697590",
    "iucnStatus": "Q211005",
    "published": true,
    "scientificName": "Pelecanus onocrotalus",
    "slug": "rosapelikan",
    "taxonomy": Object {
      "class": "Vögel",
      "family": "Pelikane",
      "order": "Ruderfüßer",
      "species": "Rosapelikan",
    },
    "title": "Rosapelikan",
    "wikidata": "Q199427",
    "wikipediaLink": "https://de.wikipedia.org/wiki/Rosapelikan",
  },
  Object {
    "content": "
I am content.
",
    "facility": "kleines-affenhaus",
    "i18nNames": Object {
      "de": "Roter Vari",
      "en": "Red ruffed lemur",
      "nl": "Rode vari",
    },
    "images": Array [
      "https://upload.wikimedia.org/wikipedia/commons/1/1b/Varecia_rubra_(habitus).jpg",
      "https://upload.wikimedia.org/wikipedia/commons/2/2c/Red.ruffed.lemur.ontree.arp.jpg",
    ],
    "iucnID": "22920",
    "iucnLink": "https://apiv3.iucnredlist.org/api/v3/taxonredirect/22920",
    "iucnStatus": "Q219127",
    "published": true,
    "scientificName": "Varecia rubra",
    "slug": "roter-vari",
    "taxonomy": Object {
      "class": "Säugetiere",
      "family": "Lemuren",
      "order": "Primaten",
      "species": "Roter Vari",
    },
    "title": "Roter Vari",
    "wikidata": "Q516703",
    "wikipediaLink": "https://de.wikipedia.org/wiki/Roter_Vari",
  },
  Object {
    "content": "
I am content.
",
    "facility": "katzenhaus",
    "i18nNames": Object {
      "de": "Ansell-Graumull",
      "en": "Zambian Mole-rat",
      "nl": "Cryptomys anselli",
    },
    "images": Array [
      "https://upload.wikimedia.org/wikipedia/commons/4/4c/Fukomys_anselli.jpg",
    ],
    "iucnID": "44858",
    "iucnLink": "https://apiv3.iucnredlist.org/api/v3/taxonredirect/44858",
    "iucnStatus": "Q211005",
    "published": true,
    "scientificName": "Fukomys anselli",
    "slug": "sambischer-kleingraumull",
    "taxonomy": Object {
      "class": "Säugetiere",
      "family": "Sandgräber",
      "order": "Nagetiere",
      "species": "Sambischer Kleingraumull",
    },
    "title": "Sambischer Kleingraumull",
    "wikidata": "Q724983",
    "wikipediaLink": "https://de.wikipedia.org/wiki/Ansells_Graumull",
  },
  Object {
    "content": "
I am content.
",
    "facility": "kleines-affenhaus",
    "i18nNames": Object {
      "de": "Ateles fusciceps robustus",
      "en": "Ateles fusciceps robustus",
      "nl": "Ateles fusciceps robustus",
    },
    "images": Array [
      "https://upload.wikimedia.org/wikipedia/commons/9/92/Ateles-fusciceps_54724770b.jpg",
    ],
    "iucnID": null,
    "iucnLink": null,
    "iucnStatus": null,
    "published": true,
    "scientificName": "Ateles fusciceps robustus",
    "slug": "schwarzer-klammeraffe",
    "taxonomy": Object {
      "class": "Säugetiere",
      "family": "Klammerschwanzaffen",
      "order": "Primaten",
      "species": "Schwarzer Klammeraffe",
    },
    "title": "Schwarzer Klammeraffe",
    "wikidata": "Q653650",
    "wikipediaLink": "https://de.wikipedia.org/wiki/Braunkopfklammeraffe",
  },
  Object {
    "content": "
I am content.
",
    "facility": "steinboecke",
    "i18nNames": Object {
      "de": "Sibirischer Steinbock",
      "en": "Asiatic Ibex",
      "nl": "Siberische steenbok",
    },
    "images": Array [
      "https://upload.wikimedia.org/wikipedia/commons/a/a5/Siberian_Ibex.jpg",
      "https://upload.wikimedia.org/wikipedia/commons/2/22/Steinbock1000943.JPG",
    ],
    "iucnID": "42398",
    "iucnLink": "https://apiv3.iucnredlist.org/api/v3/taxonredirect/42398",
    "iucnStatus": "Q719675",
    "published": true,
    "scientificName": "Capra sibirica",
    "slug": "sibirischer-steinbock",
    "taxonomy": Object {
      "class": "Säugetiere",
      "family": "Hornträger",
      "order": "Paarhufer",
      "species": "Sibirischer Steinbock",
    },
    "title": "Sibirischer Steinbock",
    "wikidata": "Q754947",
    "wikipediaLink": "https://de.wikipedia.org/wiki/Sibirischer_Steinbock",
  },
  Object {
    "content": "
I am content.
",
    "facility": "zebras",
    "i18nNames": Object {
      "de": "Steppenzebra",
      "en": "Plains zebra",
      "nl": "Steppezebra",
    },
    "images": Array [
      "https://upload.wikimedia.org/wikipedia/commons/e/e3/Plains_Zebra_Equus_quagga.jpg",
      "https://upload.wikimedia.org/wikipedia/commons/e/eb/GrantsZebra2.jpg",
      "https://upload.wikimedia.org/wikipedia/commons/3/3f/Zebra_portrait.jpg",
    ],
    "iucnID": "41013",
    "iucnLink": "https://apiv3.iucnredlist.org/api/v3/taxonredirect/41013",
    "iucnStatus": "Q719675",
    "published": true,
    "scientificName": "Equus quagga",
    "slug": "steppenzebra",
    "taxonomy": Object {
      "class": "Säugetiere",
      "family": "Pferde",
      "order": "Unpaarhufer",
      "species": "Steppenzebra",
    },
    "title": "Steppenzebra",
    "wikidata": "Q245305",
    "wikipediaLink": "https://de.wikipedia.org/wiki/Steppenzebra",
  },
  Object {
    "content": "
I am content.
",
    "facility": "takin",
    "i18nNames": Object {
      "de": "Mishmitakin",
      "en": "Takin",
      "nl": "Takin",
    },
    "images": Array [
      "https://upload.wikimedia.org/wikipedia/commons/3/3a/Budorcas_taxicolor01.jpg",
    ],
    "iucnID": "3160",
    "iucnLink": "https://apiv3.iucnredlist.org/api/v3/taxonredirect/3160",
    "iucnStatus": "Q278113",
    "published": true,
    "scientificName": "Budorcas taxicolor",
    "slug": "takin",
    "taxonomy": Object {
      "class": "Säugetiere",
      "family": "Hornträger",
      "order": "Paarhufer",
      "species": "Takin",
    },
    "title": "Takin",
    "wikidata": "Q193469",
    "wikipediaLink": "https://de.wikipedia.org/wiki/Takine",
  },
  Object {
    "content": "
I am content.
",
    "facility": "tiger",
    "i18nNames": Object {
      "de": "Tiger",
      "en": "Tiger",
      "nl": "tijger",
    },
    "images": Array [
      "https://upload.wikimedia.org/wikipedia/commons/6/66/Adult_male_Royal_Bengal_tiger.jpg",
      "https://upload.wikimedia.org/wikipedia/commons/c/cf/Beautiful_Tigress_&_her_cub,Save_the_Tiger,.jpg",
      "https://upload.wikimedia.org/wikipedia/commons/9/99/Tiger_Kanha.jpg",
      "https://upload.wikimedia.org/wikipedia/commons/8/8a/Bengal_tiger_jumping_in_Sundarban.jpg",
    ],
    "iucnID": "15955",
    "iucnLink": "https://apiv3.iucnredlist.org/api/v3/taxonredirect/15955",
    "iucnStatus": "Q11394",
    "published": true,
    "scientificName": "Panthera tigris",
    "slug": "tiger",
    "taxonomy": Object {
      "class": "Säugetiere",
      "family": "Katzen",
      "order": "Raubtiere",
      "species": "Tiger",
    },
    "title": "Tiger",
    "wikidata": "Q19939",
    "wikipediaLink": "https://de.wikipedia.org/wiki/Tiger",
  },
  Object {
    "content": "
I am content.
",
    "facility": "waldrapp",
    "i18nNames": Object {
      "de": "Waldrapp",
      "en": "Northern Bald Ibis",
      "nl": "Heremietibis",
    },
    "images": Array [
      "https://upload.wikimedia.org/wikipedia/commons/e/e9/Geronticus_eremita.jpg",
      "https://upload.wikimedia.org/wikipedia/commons/0/0d/Northern_bald_ibis_(Geronticus_eremita).jpg",
    ],
    "iucnID": "22697488",
    "iucnLink": "https://apiv3.iucnredlist.org/api/v3/taxonredirect/22697488",
    "iucnStatus": "Q11394",
    "published": true,
    "scientificName": "Geronticus eremita",
    "slug": "waldrapp",
    "taxonomy": Object {
      "class": "Vögel",
      "family": "Ibisse und Löffler",
      "order": "Schreitvögel",
      "species": "Waldrapp",
    },
    "title": "Waldrapp",
    "wikidata": "Q245414",
    "wikipediaLink": "https://de.wikipedia.org/wiki/Waldrapp",
  },
  Object {
    "content": "
I am content.
",
    "facility": "gibbons",
    "i18nNames": Object {
      "de": "Weißhandgibbon",
      "en": "White-handed gibbon",
      "nl": "Withandgibbon",
    },
    "images": Array [
      "https://upload.wikimedia.org/wikipedia/commons/0/03/Hylobates_lar_-_Kaeng_Krachan_WB.jpg",
      "https://upload.wikimedia.org/wikipedia/commons/3/38/Hylobates_lar_pair_of_white_and_black_01.jpg",
    ],
    "iucnID": "10548",
    "iucnLink": "https://apiv3.iucnredlist.org/api/v3/taxonredirect/10548",
    "iucnStatus": "Q11394",
    "published": true,
    "scientificName": "Hylobates lar",
    "slug": "weisshandgibbon",
    "taxonomy": Object {
      "class": "Säugetiere",
      "family": "Gibbons",
      "order": "Primaten",
      "species": "Weißhandgibbon",
    },
    "title": "Weißhandgibbon",
    "wikidata": "Q208043",
    "wikipediaLink": "https://de.wikipedia.org/wiki/Weißhandgibbon",
  },
  Object {
    "content": "
I am content.
",
    "facility": "affenhaus",
    "i18nNames": Object {
      "de": "Westlicher Gorilla",
      "en": "Western gorilla",
      "nl": "Westelijke gorilla",
    },
    "images": Array [
      "https://upload.wikimedia.org/wikipedia/commons/4/4c/Gorille.jpg",
      "https://upload.wikimedia.org/wikipedia/commons/7/70/Gorilla_gorilla_at_the_Bronx_Zoo_007.jpg",
      "https://upload.wikimedia.org/wikipedia/commons/c/c7/Stavenn_Gorilla_gorilla_00.jpg",
    ],
    "iucnID": "9404",
    "iucnLink": "https://apiv3.iucnredlist.org/api/v3/taxonredirect/9404",
    "iucnStatus": "Q219127",
    "published": true,
    "scientificName": "Gorilla gorilla",
    "slug": "westlicher-gorilla",
    "taxonomy": Object {
      "class": "Säugetiere",
      "family": "Menschenaffen",
      "order": "Primaten",
      "species": "Westlicher Gorilla",
    },
    "title": "Westlicher Gorilla",
    "wikidata": "Q737838",
    "wikipediaLink": "https://de.wikipedia.org/wiki/Westlicher_Gorilla",
  },
  Object {
    "content": "
I am content.
",
    "facility": "yaks",
    "i18nNames": Object {
      "de": "Yak",
      "en": "Yak",
      "nl": "Jak",
    },
    "images": Array [
      "https://upload.wikimedia.org/wikipedia/commons/0/0e/Bos_grunniens_at_Letdar_on_Annapurna_Circuit.jpg",
    ],
    "iucnID": "2892",
    "iucnLink": "https://apiv3.iucnredlist.org/api/v3/taxonredirect/2892",
    "iucnStatus": "Q278113",
    "published": true,
    "scientificName": "Bos mutus",
    "slug": "yak",
    "taxonomy": Object {
      "class": "Säugetiere",
      "family": "Eigentliche Rinder",
      "order": "Hornträger",
      "species": "Yak",
    },
    "title": "Yak",
    "wikidata": "Q26547",
    "wikipediaLink": "https://de.wikipedia.org/wiki/Yak",
  },
  Object {
    "content": "
I am content.
",
    "facility": "suedamerikahaus",
    "i18nNames": Object {
      "de": "Linnaeus-Zweifinger-Faultier",
      "en": "Southern two-toed sloth",
      "nl": "Tweevingerige luiaard",
    },
    "images": Array [
      "https://upload.wikimedia.org/wikipedia/commons/5/56/Zweizehenfaultier.png",
      "https://upload.wikimedia.org/wikipedia/commons/0/0a/Linnaeuss.two-toed.sloth.arp.jpg",
    ],
    "iucnID": "4777",
    "iucnLink": "https://apiv3.iucnredlist.org/api/v3/taxonredirect/4777",
    "iucnStatus": "Q211005",
    "published": true,
    "scientificName": "Choloepus didactylus",
    "slug": "zweifingerfaultier",
    "taxonomy": Object {
      "class": "Säugetiere",
      "family": "Zweifingerfaultiere",
      "order": "Nebengelenktiere",
      "species": "Zweifingerfaultier",
    },
    "title": "Zweifingerfaultier",
    "wikidata": "Q752691",
    "wikipediaLink": "https://de.wikipedia.org/wiki/Eigentliches_Zweifingerfaultier",
  },
  Object {
    "content": "
I am content.
",
    "facility": "suedamerikahaus",
    "i18nNames": Object {
      "de": "Kleine Maräne",
      "en": "Vendace",
      "nl": "Kleine marene",
    },
    "images": Array [
      "https://upload.wikimedia.org/wikipedia/commons/6/6f/Muikku2.jpg",
      "https://upload.wikimedia.org/wikipedia/commons/5/58/Muikku.jpg",
      "https://upload.wikimedia.org/wikipedia/commons/6/6d/Coregonus_albula.jpg",
    ],
    "iucnID": "5360",
    "iucnLink": "https://apiv3.iucnredlist.org/api/v3/taxonredirect/5360",
    "iucnStatus": "Q211005",
    "published": true,
    "scientificName": "Coregonus albula",
    "slug": "zwergmara",
    "taxonomy": Object {
      "class": "Säugetiere",
      "family": "Meerschweinchen",
      "order": "Nagetiere",
      "species": "Zwergmara",
    },
    "title": "Zwergmara",
    "wikidata": "Q754061",
    "wikipediaLink": "https://de.wikipedia.org/wiki/Kleine_Maräne",
  },
]
`;
